<!doctype html public "-//w3c//dtd html 4.0 transitional//en">
<html><head>
<title>Static Call Graph - [.\Objects\BrickBreaker.axf]</title></head>
<body><HR>
<H1>Static Call Graph for image .\Objects\BrickBreaker.axf</H1><HR>
<BR><P>#&#060CALLGRAPH&#062# ARM Linker, 6230001: Last Updated: Mon May 12 09:44:13 2025
<BR><P>
<H3>Maximum Stack Usage =          0 bytes + Unknown(Functions without stacksize, Cycles, Untraceable Function Pointers)</H3><H3>
Call chain for Maximum Stack Depth:</H3>

<P>
<H3>
Functions with no stack information
</H3><UL>
 <LI><a href="#[45]">__user_initial_stackheap</a>
 <LI><a href="#[62]">Get_Random_Seed</a>
 <LI><a href="#[61]">GPIO_INIT</a>
 <LI><a href="#[70]">GPIOX_ONEREAD</a>
 <LI><a href="#[71]">GPIOX_READ</a>
 <LI><a href="#[72]">GPIOX_SETHIGH</a>
 <LI><a href="#[73]">GPIOX_SETLOW</a>
 <LI><a href="#[46]">TFT_Init</a>
 <LI><a href="#[48]">TFT_WriteCommand</a>
 <LI><a href="#[49]">TFT_WriteData</a>
 <LI><a href="#[4a]">TFT_FillScreen</a>
 <LI><a href="#[4b]">DrawRect</a>
 <LI><a href="#[4c]">Draw_Ball</a>
 <LI><a href="#[4d]">TFT_DrawImage</a>
 <LI><a href="#[4e]">TFT_ImageLoop</a>
 <LI><a href="#[47]">delay</a>
 <LI><a href="#[63]">DIV</a>
 <LI><a href="#[4f]">COLOR_BLUE</a>
 <LI><a href="#[51]">COLOR_PINK</a>
 <LI><a href="#[52]">COLOR_CYAN</a>
 <LI><a href="#[53]">COLOR_RED</a>
 <LI><a href="#[54]">COLOR_YELLOW</a>
 <LI><a href="#[55]">COLOR_ORANGE</a>
 <LI><a href="#[56]">COLOR_GREEN</a>
 <LI><a href="#[57]">COLOR_WHITE</a>
 <LI><a href="#[58]">COLOR_BLACK</a>
 <LI><a href="#[74]">SET_SCORE</a>
 <LI><a href="#[64]">SCORE_INIT</a>
 <LI><a href="#[59]">CLEAR_COLOR</a>
 <LI><a href="#[5a]">IncrementScore</a>
 <LI><a href="#[50]">DrawScoreDIGIT</a>
 <LI><a href="#[5b]">DRAWSCORE</a>
 <LI><a href="#[5c]">WIN</a>
 <LI><a href="#[44]">LOSE</a>
 <LI><a href="#[5d]">ONEWIN</a>
 <LI><a href="#[5e]">TWOWIN</a>
 <LI><a href="#[5f]">DRAW_DRAW</a>
 <LI><a href="#[60]">FRUITNINJA</a>
 <LI><a href="#[65]">UNDERTALE</a>
 <LI><a href="#[69]">FIREDORTIRED</a>
 <LI><a href="#[6c]">BOWLING</a>
 <LI><a href="#[68]">BRICKBREAKER</a>
 <LI><a href="#[67]">FLAPPYBIRD</a>
 <LI><a href="#[6b]">HOCKEY</a>
 <LI><a href="#[66]">SNAKE</a>
 <LI><a href="#[2d]">EXTI15_10_IRQHandler</a>
 <LI><a href="#[6a]">SUBWAY</a>
</UL>
</UL>
<P>
<H3>
Mutually Recursive functions
</H3> <LI><a href="#[1]">NMI_Handler</a>&nbsp;&nbsp;&nbsp;&rArr;&nbsp;&nbsp;&nbsp;<a href="#[1]">NMI_Handler</a><BR>
 <LI><a href="#[2]">HardFault_Handler</a>&nbsp;&nbsp;&nbsp;&rArr;&nbsp;&nbsp;&nbsp;<a href="#[2]">HardFault_Handler</a><BR>
 <LI><a href="#[3]">MemManage_Handler</a>&nbsp;&nbsp;&nbsp;&rArr;&nbsp;&nbsp;&nbsp;<a href="#[3]">MemManage_Handler</a><BR>
 <LI><a href="#[4]">BusFault_Handler</a>&nbsp;&nbsp;&nbsp;&rArr;&nbsp;&nbsp;&nbsp;<a href="#[4]">BusFault_Handler</a><BR>
 <LI><a href="#[5]">UsageFault_Handler</a>&nbsp;&nbsp;&nbsp;&rArr;&nbsp;&nbsp;&nbsp;<a href="#[5]">UsageFault_Handler</a><BR>
 <LI><a href="#[6]">SVC_Handler</a>&nbsp;&nbsp;&nbsp;&rArr;&nbsp;&nbsp;&nbsp;<a href="#[6]">SVC_Handler</a><BR>
 <LI><a href="#[7]">DebugMon_Handler</a>&nbsp;&nbsp;&nbsp;&rArr;&nbsp;&nbsp;&nbsp;<a href="#[7]">DebugMon_Handler</a><BR>
 <LI><a href="#[8]">PendSV_Handler</a>&nbsp;&nbsp;&nbsp;&rArr;&nbsp;&nbsp;&nbsp;<a href="#[8]">PendSV_Handler</a><BR>
 <LI><a href="#[9]">SysTick_Handler</a>&nbsp;&nbsp;&nbsp;&rArr;&nbsp;&nbsp;&nbsp;<a href="#[9]">SysTick_Handler</a><BR>
 <LI><a href="#[1c]">ADC_IRQHandler</a>&nbsp;&nbsp;&nbsp;&rArr;&nbsp;&nbsp;&nbsp;<a href="#[1c]">ADC_IRQHandler</a><BR>
 <LI><a href="#[43]">__main</a>&nbsp;&nbsp;&nbsp;&rArr;&nbsp;&nbsp;&nbsp;<a href="#[43]">__main</a><BR>
</UL>
<P>
<H3>
Function Pointers
</H3><UL>
 <LI><a href="#[1c]">ADC_IRQHandler</a> from startup_stm32f401xc.o(.text) referenced from startup_stm32f401xc.o(RESET)
 <LI><a href="#[4]">BusFault_Handler</a> from startup_stm32f401xc.o(.text) referenced from startup_stm32f401xc.o(RESET)
 <LI><a href="#[15]">DMA1_Stream0_IRQHandler</a> from startup_stm32f401xc.o(.text) referenced from startup_stm32f401xc.o(RESET)
 <LI><a href="#[16]">DMA1_Stream1_IRQHandler</a> from startup_stm32f401xc.o(.text) referenced from startup_stm32f401xc.o(RESET)
 <LI><a href="#[17]">DMA1_Stream2_IRQHandler</a> from startup_stm32f401xc.o(.text) referenced from startup_stm32f401xc.o(RESET)
 <LI><a href="#[18]">DMA1_Stream3_IRQHandler</a> from startup_stm32f401xc.o(.text) referenced from startup_stm32f401xc.o(RESET)
 <LI><a href="#[19]">DMA1_Stream4_IRQHandler</a> from startup_stm32f401xc.o(.text) referenced from startup_stm32f401xc.o(RESET)
 <LI><a href="#[1a]">DMA1_Stream5_IRQHandler</a> from startup_stm32f401xc.o(.text) referenced from startup_stm32f401xc.o(RESET)
 <LI><a href="#[1b]">DMA1_Stream6_IRQHandler</a> from startup_stm32f401xc.o(.text) referenced from startup_stm32f401xc.o(RESET)
 <LI><a href="#[30]">DMA1_Stream7_IRQHandler</a> from startup_stm32f401xc.o(.text) referenced from startup_stm32f401xc.o(RESET)
 <LI><a href="#[34]">DMA2_Stream0_IRQHandler</a> from startup_stm32f401xc.o(.text) referenced from startup_stm32f401xc.o(RESET)
 <LI><a href="#[35]">DMA2_Stream1_IRQHandler</a> from startup_stm32f401xc.o(.text) referenced from startup_stm32f401xc.o(RESET)
 <LI><a href="#[36]">DMA2_Stream2_IRQHandler</a> from startup_stm32f401xc.o(.text) referenced from startup_stm32f401xc.o(RESET)
 <LI><a href="#[37]">DMA2_Stream3_IRQHandler</a> from startup_stm32f401xc.o(.text) referenced from startup_stm32f401xc.o(RESET)
 <LI><a href="#[38]">DMA2_Stream4_IRQHandler</a> from startup_stm32f401xc.o(.text) referenced from startup_stm32f401xc.o(RESET)
 <LI><a href="#[3a]">DMA2_Stream5_IRQHandler</a> from startup_stm32f401xc.o(.text) referenced from startup_stm32f401xc.o(RESET)
 <LI><a href="#[3b]">DMA2_Stream6_IRQHandler</a> from startup_stm32f401xc.o(.text) referenced from startup_stm32f401xc.o(RESET)
 <LI><a href="#[3c]">DMA2_Stream7_IRQHandler</a> from startup_stm32f401xc.o(.text) referenced from startup_stm32f401xc.o(RESET)
 <LI><a href="#[7]">DebugMon_Handler</a> from startup_stm32f401xc.o(.text) referenced from startup_stm32f401xc.o(RESET)
 <LI><a href="#[10]">EXTI0_IRQHandler</a> from startup_stm32f401xc.o(.text) referenced from startup_stm32f401xc.o(RESET)
 <LI><a href="#[2d]">EXTI15_10_IRQHandler</a> from snake.o(RESET) referenced from startup_stm32f401xc.o(RESET)
 <LI><a href="#[11]">EXTI1_IRQHandler</a> from startup_stm32f401xc.o(.text) referenced from startup_stm32f401xc.o(RESET)
 <LI><a href="#[12]">EXTI2_IRQHandler</a> from startup_stm32f401xc.o(.text) referenced from startup_stm32f401xc.o(RESET)
 <LI><a href="#[13]">EXTI3_IRQHandler</a> from startup_stm32f401xc.o(.text) referenced from startup_stm32f401xc.o(RESET)
 <LI><a href="#[14]">EXTI4_IRQHandler</a> from startup_stm32f401xc.o(.text) referenced from startup_stm32f401xc.o(RESET)
 <LI><a href="#[1d]">EXTI9_5_IRQHandler</a> from startup_stm32f401xc.o(.text) referenced from startup_stm32f401xc.o(RESET)
 <LI><a href="#[e]">FLASH_IRQHandler</a> from startup_stm32f401xc.o(.text) referenced from startup_stm32f401xc.o(RESET)
 <LI><a href="#[40]">FPU_IRQHandler</a> from startup_stm32f401xc.o(.text) referenced from startup_stm32f401xc.o(RESET)
 <LI><a href="#[2]">HardFault_Handler</a> from startup_stm32f401xc.o(.text) referenced from startup_stm32f401xc.o(RESET)
 <LI><a href="#[26]">I2C1_ER_IRQHandler</a> from startup_stm32f401xc.o(.text) referenced from startup_stm32f401xc.o(RESET)
 <LI><a href="#[25]">I2C1_EV_IRQHandler</a> from startup_stm32f401xc.o(.text) referenced from startup_stm32f401xc.o(RESET)
 <LI><a href="#[28]">I2C2_ER_IRQHandler</a> from startup_stm32f401xc.o(.text) referenced from startup_stm32f401xc.o(RESET)
 <LI><a href="#[27]">I2C2_EV_IRQHandler</a> from startup_stm32f401xc.o(.text) referenced from startup_stm32f401xc.o(RESET)
 <LI><a href="#[3f]">I2C3_ER_IRQHandler</a> from startup_stm32f401xc.o(.text) referenced from startup_stm32f401xc.o(RESET)
 <LI><a href="#[3e]">I2C3_EV_IRQHandler</a> from startup_stm32f401xc.o(.text) referenced from startup_stm32f401xc.o(RESET)
 <LI><a href="#[44]">LOSE</a> from screens.o(MYCODE) referenced from fruitninja.o(MYCODE)
 <LI><a href="#[3]">MemManage_Handler</a> from startup_stm32f401xc.o(.text) referenced from startup_stm32f401xc.o(RESET)
 <LI><a href="#[1]">NMI_Handler</a> from startup_stm32f401xc.o(.text) referenced from startup_stm32f401xc.o(RESET)
 <LI><a href="#[39]">OTG_FS_IRQHandler</a> from startup_stm32f401xc.o(.text) referenced from startup_stm32f401xc.o(RESET)
 <LI><a href="#[2f]">OTG_FS_WKUP_IRQHandler</a> from startup_stm32f401xc.o(.text) referenced from startup_stm32f401xc.o(RESET)
 <LI><a href="#[b]">PVD_IRQHandler</a> from startup_stm32f401xc.o(.text) referenced from startup_stm32f401xc.o(RESET)
 <LI><a href="#[8]">PendSV_Handler</a> from startup_stm32f401xc.o(.text) referenced from startup_stm32f401xc.o(RESET)
 <LI><a href="#[f]">RCC_IRQHandler</a> from startup_stm32f401xc.o(.text) referenced from startup_stm32f401xc.o(RESET)
 <LI><a href="#[2e]">RTC_Alarm_IRQHandler</a> from startup_stm32f401xc.o(.text) referenced from startup_stm32f401xc.o(RESET)
 <LI><a href="#[d]">RTC_WKUP_IRQHandler</a> from startup_stm32f401xc.o(.text) referenced from startup_stm32f401xc.o(RESET)
 <LI><a href="#[0]">Reset_Handler</a> from startup_stm32f401xc.o(.text) referenced from startup_stm32f401xc.o(RESET)
 <LI><a href="#[31]">SDIO_IRQHandler</a> from startup_stm32f401xc.o(.text) referenced from startup_stm32f401xc.o(RESET)
 <LI><a href="#[29]">SPI1_IRQHandler</a> from startup_stm32f401xc.o(.text) referenced from startup_stm32f401xc.o(RESET)
 <LI><a href="#[2a]">SPI2_IRQHandler</a> from startup_stm32f401xc.o(.text) referenced from startup_stm32f401xc.o(RESET)
 <LI><a href="#[33]">SPI3_IRQHandler</a> from startup_stm32f401xc.o(.text) referenced from startup_stm32f401xc.o(RESET)
 <LI><a href="#[41]">SPI4_IRQHandler</a> from startup_stm32f401xc.o(.text) referenced from startup_stm32f401xc.o(RESET)
 <LI><a href="#[6]">SVC_Handler</a> from startup_stm32f401xc.o(.text) referenced from startup_stm32f401xc.o(RESET)
 <LI><a href="#[9]">SysTick_Handler</a> from startup_stm32f401xc.o(.text) referenced from startup_stm32f401xc.o(RESET)
 <LI><a href="#[42]">SystemInit</a> from system_stm32f4xx.o(.text.SystemInit) referenced from startup_stm32f401xc.o(.text)
 <LI><a href="#[c]">TAMP_STAMP_IRQHandler</a> from startup_stm32f401xc.o(.text) referenced from startup_stm32f401xc.o(RESET)
 <LI><a href="#[1e]">TIM1_BRK_TIM9_IRQHandler</a> from startup_stm32f401xc.o(.text) referenced from startup_stm32f401xc.o(RESET)
 <LI><a href="#[21]">TIM1_CC_IRQHandler</a> from startup_stm32f401xc.o(.text) referenced from startup_stm32f401xc.o(RESET)
 <LI><a href="#[20]">TIM1_TRG_COM_TIM11_IRQHandler</a> from startup_stm32f401xc.o(.text) referenced from startup_stm32f401xc.o(RESET)
 <LI><a href="#[1f]">TIM1_UP_TIM10_IRQHandler</a> from startup_stm32f401xc.o(.text) referenced from startup_stm32f401xc.o(RESET)
 <LI><a href="#[22]">TIM2_IRQHandler</a> from startup_stm32f401xc.o(.text) referenced from startup_stm32f401xc.o(RESET)
 <LI><a href="#[23]">TIM3_IRQHandler</a> from startup_stm32f401xc.o(.text) referenced from startup_stm32f401xc.o(RESET)
 <LI><a href="#[24]">TIM4_IRQHandler</a> from startup_stm32f401xc.o(.text) referenced from startup_stm32f401xc.o(RESET)
 <LI><a href="#[32]">TIM5_IRQHandler</a> from startup_stm32f401xc.o(.text) referenced from startup_stm32f401xc.o(RESET)
 <LI><a href="#[2b]">USART1_IRQHandler</a> from startup_stm32f401xc.o(.text) referenced from startup_stm32f401xc.o(RESET)
 <LI><a href="#[2c]">USART2_IRQHandler</a> from startup_stm32f401xc.o(.text) referenced from startup_stm32f401xc.o(RESET)
 <LI><a href="#[3d]">USART6_IRQHandler</a> from startup_stm32f401xc.o(.text) referenced from startup_stm32f401xc.o(RESET)
 <LI><a href="#[5]">UsageFault_Handler</a> from startup_stm32f401xc.o(.text) referenced from startup_stm32f401xc.o(RESET)
 <LI><a href="#[a]">WWDG_IRQHandler</a> from startup_stm32f401xc.o(.text) referenced from startup_stm32f401xc.o(RESET)
 <LI><a href="#[43]">__main</a> from main.o(RESET) referenced from startup_stm32f401xc.o(.text)
</UL>
<P>
<H3>
Global Symbols
</H3>
<P><STRONG><a name="[0]"></a>Reset_Handler</STRONG> (Thumb, 8 bytes, Stack size 0 bytes, startup_stm32f401xc.o(.text))
<BR>[Address Reference Count : 1]<UL><LI> startup_stm32f401xc.o(RESET)
</UL>
<P><STRONG><a name="[1]"></a>NMI_Handler</STRONG> (Thumb, 2 bytes, Stack size 0 bytes, startup_stm32f401xc.o(.text))
<BR><BR>[Calls]<UL><LI><a href="#[1]">&gt;&gt;</a>&nbsp;&nbsp;&nbsp;NMI_Handler
</UL>
<BR>[Called By]<UL><LI><a href="#[1]">&gt;&gt;</a>&nbsp;&nbsp;&nbsp;NMI_Handler
</UL>
<BR>[Address Reference Count : 1]<UL><LI> startup_stm32f401xc.o(RESET)
</UL>
<P><STRONG><a name="[2]"></a>HardFault_Handler</STRONG> (Thumb, 2 bytes, Stack size 0 bytes, startup_stm32f401xc.o(.text))
<BR><BR>[Calls]<UL><LI><a href="#[2]">&gt;&gt;</a>&nbsp;&nbsp;&nbsp;HardFault_Handler
</UL>
<BR>[Called By]<UL><LI><a href="#[2]">&gt;&gt;</a>&nbsp;&nbsp;&nbsp;HardFault_Handler
</UL>
<BR>[Address Reference Count : 1]<UL><LI> startup_stm32f401xc.o(RESET)
</UL>
<P><STRONG><a name="[3]"></a>MemManage_Handler</STRONG> (Thumb, 2 bytes, Stack size 0 bytes, startup_stm32f401xc.o(.text))
<BR><BR>[Calls]<UL><LI><a href="#[3]">&gt;&gt;</a>&nbsp;&nbsp;&nbsp;MemManage_Handler
</UL>
<BR>[Called By]<UL><LI><a href="#[3]">&gt;&gt;</a>&nbsp;&nbsp;&nbsp;MemManage_Handler
</UL>
<BR>[Address Reference Count : 1]<UL><LI> startup_stm32f401xc.o(RESET)
</UL>
<P><STRONG><a name="[4]"></a>BusFault_Handler</STRONG> (Thumb, 2 bytes, Stack size 0 bytes, startup_stm32f401xc.o(.text))
<BR><BR>[Calls]<UL><LI><a href="#[4]">&gt;&gt;</a>&nbsp;&nbsp;&nbsp;BusFault_Handler
</UL>
<BR>[Called By]<UL><LI><a href="#[4]">&gt;&gt;</a>&nbsp;&nbsp;&nbsp;BusFault_Handler
</UL>
<BR>[Address Reference Count : 1]<UL><LI> startup_stm32f401xc.o(RESET)
</UL>
<P><STRONG><a name="[5]"></a>UsageFault_Handler</STRONG> (Thumb, 2 bytes, Stack size 0 bytes, startup_stm32f401xc.o(.text))
<BR><BR>[Calls]<UL><LI><a href="#[5]">&gt;&gt;</a>&nbsp;&nbsp;&nbsp;UsageFault_Handler
</UL>
<BR>[Called By]<UL><LI><a href="#[5]">&gt;&gt;</a>&nbsp;&nbsp;&nbsp;UsageFault_Handler
</UL>
<BR>[Address Reference Count : 1]<UL><LI> startup_stm32f401xc.o(RESET)
</UL>
<P><STRONG><a name="[6]"></a>SVC_Handler</STRONG> (Thumb, 2 bytes, Stack size 0 bytes, startup_stm32f401xc.o(.text))
<BR><BR>[Calls]<UL><LI><a href="#[6]">&gt;&gt;</a>&nbsp;&nbsp;&nbsp;SVC_Handler
</UL>
<BR>[Called By]<UL><LI><a href="#[6]">&gt;&gt;</a>&nbsp;&nbsp;&nbsp;SVC_Handler
</UL>
<BR>[Address Reference Count : 1]<UL><LI> startup_stm32f401xc.o(RESET)
</UL>
<P><STRONG><a name="[7]"></a>DebugMon_Handler</STRONG> (Thumb, 2 bytes, Stack size 0 bytes, startup_stm32f401xc.o(.text))
<BR><BR>[Calls]<UL><LI><a href="#[7]">&gt;&gt;</a>&nbsp;&nbsp;&nbsp;DebugMon_Handler
</UL>
<BR>[Called By]<UL><LI><a href="#[7]">&gt;&gt;</a>&nbsp;&nbsp;&nbsp;DebugMon_Handler
</UL>
<BR>[Address Reference Count : 1]<UL><LI> startup_stm32f401xc.o(RESET)
</UL>
<P><STRONG><a name="[8]"></a>PendSV_Handler</STRONG> (Thumb, 2 bytes, Stack size 0 bytes, startup_stm32f401xc.o(.text))
<BR><BR>[Calls]<UL><LI><a href="#[8]">&gt;&gt;</a>&nbsp;&nbsp;&nbsp;PendSV_Handler
</UL>
<BR>[Called By]<UL><LI><a href="#[8]">&gt;&gt;</a>&nbsp;&nbsp;&nbsp;PendSV_Handler
</UL>
<BR>[Address Reference Count : 1]<UL><LI> startup_stm32f401xc.o(RESET)
</UL>
<P><STRONG><a name="[9]"></a>SysTick_Handler</STRONG> (Thumb, 2 bytes, Stack size 0 bytes, startup_stm32f401xc.o(.text))
<BR><BR>[Calls]<UL><LI><a href="#[9]">&gt;&gt;</a>&nbsp;&nbsp;&nbsp;SysTick_Handler
</UL>
<BR>[Called By]<UL><LI><a href="#[9]">&gt;&gt;</a>&nbsp;&nbsp;&nbsp;SysTick_Handler
</UL>
<BR>[Address Reference Count : 1]<UL><LI> startup_stm32f401xc.o(RESET)
</UL>
<P><STRONG><a name="[1c]"></a>ADC_IRQHandler</STRONG> (Thumb, 0 bytes, Stack size 0 bytes, startup_stm32f401xc.o(.text))
<BR><BR>[Calls]<UL><LI><a href="#[1c]">&gt;&gt;</a>&nbsp;&nbsp;&nbsp;ADC_IRQHandler
</UL>
<BR>[Called By]<UL><LI><a href="#[1c]">&gt;&gt;</a>&nbsp;&nbsp;&nbsp;ADC_IRQHandler
</UL>
<BR>[Address Reference Count : 1]<UL><LI> startup_stm32f401xc.o(RESET)
</UL>
<P><STRONG><a name="[15]"></a>DMA1_Stream0_IRQHandler</STRONG> (Thumb, 0 bytes, Stack size 0 bytes, startup_stm32f401xc.o(.text))
<BR>[Address Reference Count : 1]<UL><LI> startup_stm32f401xc.o(RESET)
</UL>
<P><STRONG><a name="[16]"></a>DMA1_Stream1_IRQHandler</STRONG> (Thumb, 0 bytes, Stack size 0 bytes, startup_stm32f401xc.o(.text))
<BR>[Address Reference Count : 1]<UL><LI> startup_stm32f401xc.o(RESET)
</UL>
<P><STRONG><a name="[17]"></a>DMA1_Stream2_IRQHandler</STRONG> (Thumb, 0 bytes, Stack size 0 bytes, startup_stm32f401xc.o(.text))
<BR>[Address Reference Count : 1]<UL><LI> startup_stm32f401xc.o(RESET)
</UL>
<P><STRONG><a name="[18]"></a>DMA1_Stream3_IRQHandler</STRONG> (Thumb, 0 bytes, Stack size 0 bytes, startup_stm32f401xc.o(.text))
<BR>[Address Reference Count : 1]<UL><LI> startup_stm32f401xc.o(RESET)
</UL>
<P><STRONG><a name="[19]"></a>DMA1_Stream4_IRQHandler</STRONG> (Thumb, 0 bytes, Stack size 0 bytes, startup_stm32f401xc.o(.text))
<BR>[Address Reference Count : 1]<UL><LI> startup_stm32f401xc.o(RESET)
</UL>
<P><STRONG><a name="[1a]"></a>DMA1_Stream5_IRQHandler</STRONG> (Thumb, 0 bytes, Stack size 0 bytes, startup_stm32f401xc.o(.text))
<BR>[Address Reference Count : 1]<UL><LI> startup_stm32f401xc.o(RESET)
</UL>
<P><STRONG><a name="[1b]"></a>DMA1_Stream6_IRQHandler</STRONG> (Thumb, 0 bytes, Stack size 0 bytes, startup_stm32f401xc.o(.text))
<BR>[Address Reference Count : 1]<UL><LI> startup_stm32f401xc.o(RESET)
</UL>
<P><STRONG><a name="[30]"></a>DMA1_Stream7_IRQHandler</STRONG> (Thumb, 0 bytes, Stack size 0 bytes, startup_stm32f401xc.o(.text))
<BR>[Address Reference Count : 1]<UL><LI> startup_stm32f401xc.o(RESET)
</UL>
<P><STRONG><a name="[34]"></a>DMA2_Stream0_IRQHandler</STRONG> (Thumb, 0 bytes, Stack size 0 bytes, startup_stm32f401xc.o(.text))
<BR>[Address Reference Count : 1]<UL><LI> startup_stm32f401xc.o(RESET)
</UL>
<P><STRONG><a name="[35]"></a>DMA2_Stream1_IRQHandler</STRONG> (Thumb, 0 bytes, Stack size 0 bytes, startup_stm32f401xc.o(.text))
<BR>[Address Reference Count : 1]<UL><LI> startup_stm32f401xc.o(RESET)
</UL>
<P><STRONG><a name="[36]"></a>DMA2_Stream2_IRQHandler</STRONG> (Thumb, 0 bytes, Stack size 0 bytes, startup_stm32f401xc.o(.text))
<BR>[Address Reference Count : 1]<UL><LI> startup_stm32f401xc.o(RESET)
</UL>
<P><STRONG><a name="[37]"></a>DMA2_Stream3_IRQHandler</STRONG> (Thumb, 0 bytes, Stack size 0 bytes, startup_stm32f401xc.o(.text))
<BR>[Address Reference Count : 1]<UL><LI> startup_stm32f401xc.o(RESET)
</UL>
<P><STRONG><a name="[38]"></a>DMA2_Stream4_IRQHandler</STRONG> (Thumb, 0 bytes, Stack size 0 bytes, startup_stm32f401xc.o(.text))
<BR>[Address Reference Count : 1]<UL><LI> startup_stm32f401xc.o(RESET)
</UL>
<P><STRONG><a name="[3a]"></a>DMA2_Stream5_IRQHandler</STRONG> (Thumb, 0 bytes, Stack size 0 bytes, startup_stm32f401xc.o(.text))
<BR>[Address Reference Count : 1]<UL><LI> startup_stm32f401xc.o(RESET)
</UL>
<P><STRONG><a name="[3b]"></a>DMA2_Stream6_IRQHandler</STRONG> (Thumb, 0 bytes, Stack size 0 bytes, startup_stm32f401xc.o(.text))
<BR>[Address Reference Count : 1]<UL><LI> startup_stm32f401xc.o(RESET)
</UL>
<P><STRONG><a name="[3c]"></a>DMA2_Stream7_IRQHandler</STRONG> (Thumb, 0 bytes, Stack size 0 bytes, startup_stm32f401xc.o(.text))
<BR>[Address Reference Count : 1]<UL><LI> startup_stm32f401xc.o(RESET)
</UL>
<P><STRONG><a name="[10]"></a>EXTI0_IRQHandler</STRONG> (Thumb, 0 bytes, Stack size 0 bytes, startup_stm32f401xc.o(.text))
<BR>[Address Reference Count : 1]<UL><LI> startup_stm32f401xc.o(RESET)
</UL>
<P><STRONG><a name="[11]"></a>EXTI1_IRQHandler</STRONG> (Thumb, 0 bytes, Stack size 0 bytes, startup_stm32f401xc.o(.text))
<BR>[Address Reference Count : 1]<UL><LI> startup_stm32f401xc.o(RESET)
</UL>
<P><STRONG><a name="[12]"></a>EXTI2_IRQHandler</STRONG> (Thumb, 0 bytes, Stack size 0 bytes, startup_stm32f401xc.o(.text))
<BR>[Address Reference Count : 1]<UL><LI> startup_stm32f401xc.o(RESET)
</UL>
<P><STRONG><a name="[13]"></a>EXTI3_IRQHandler</STRONG> (Thumb, 0 bytes, Stack size 0 bytes, startup_stm32f401xc.o(.text))
<BR>[Address Reference Count : 1]<UL><LI> startup_stm32f401xc.o(RESET)
</UL>
<P><STRONG><a name="[14]"></a>EXTI4_IRQHandler</STRONG> (Thumb, 0 bytes, Stack size 0 bytes, startup_stm32f401xc.o(.text))
<BR>[Address Reference Count : 1]<UL><LI> startup_stm32f401xc.o(RESET)
</UL>
<P><STRONG><a name="[1d]"></a>EXTI9_5_IRQHandler</STRONG> (Thumb, 0 bytes, Stack size 0 bytes, startup_stm32f401xc.o(.text))
<BR>[Address Reference Count : 1]<UL><LI> startup_stm32f401xc.o(RESET)
</UL>
<P><STRONG><a name="[e]"></a>FLASH_IRQHandler</STRONG> (Thumb, 0 bytes, Stack size 0 bytes, startup_stm32f401xc.o(.text))
<BR>[Address Reference Count : 1]<UL><LI> startup_stm32f401xc.o(RESET)
</UL>
<P><STRONG><a name="[40]"></a>FPU_IRQHandler</STRONG> (Thumb, 0 bytes, Stack size 0 bytes, startup_stm32f401xc.o(.text))
<BR>[Address Reference Count : 1]<UL><LI> startup_stm32f401xc.o(RESET)
</UL>
<P><STRONG><a name="[26]"></a>I2C1_ER_IRQHandler</STRONG> (Thumb, 0 bytes, Stack size 0 bytes, startup_stm32f401xc.o(.text))
<BR>[Address Reference Count : 1]<UL><LI> startup_stm32f401xc.o(RESET)
</UL>
<P><STRONG><a name="[25]"></a>I2C1_EV_IRQHandler</STRONG> (Thumb, 0 bytes, Stack size 0 bytes, startup_stm32f401xc.o(.text))
<BR>[Address Reference Count : 1]<UL><LI> startup_stm32f401xc.o(RESET)
</UL>
<P><STRONG><a name="[28]"></a>I2C2_ER_IRQHandler</STRONG> (Thumb, 0 bytes, Stack size 0 bytes, startup_stm32f401xc.o(.text))
<BR>[Address Reference Count : 1]<UL><LI> startup_stm32f401xc.o(RESET)
</UL>
<P><STRONG><a name="[27]"></a>I2C2_EV_IRQHandler</STRONG> (Thumb, 0 bytes, Stack size 0 bytes, startup_stm32f401xc.o(.text))
<BR>[Address Reference Count : 1]<UL><LI> startup_stm32f401xc.o(RESET)
</UL>
<P><STRONG><a name="[3f]"></a>I2C3_ER_IRQHandler</STRONG> (Thumb, 0 bytes, Stack size 0 bytes, startup_stm32f401xc.o(.text))
<BR>[Address Reference Count : 1]<UL><LI> startup_stm32f401xc.o(RESET)
</UL>
<P><STRONG><a name="[3e]"></a>I2C3_EV_IRQHandler</STRONG> (Thumb, 0 bytes, Stack size 0 bytes, startup_stm32f401xc.o(.text))
<BR>[Address Reference Count : 1]<UL><LI> startup_stm32f401xc.o(RESET)
</UL>
<P><STRONG><a name="[39]"></a>OTG_FS_IRQHandler</STRONG> (Thumb, 0 bytes, Stack size 0 bytes, startup_stm32f401xc.o(.text))
<BR>[Address Reference Count : 1]<UL><LI> startup_stm32f401xc.o(RESET)
</UL>
<P><STRONG><a name="[2f]"></a>OTG_FS_WKUP_IRQHandler</STRONG> (Thumb, 0 bytes, Stack size 0 bytes, startup_stm32f401xc.o(.text))
<BR>[Address Reference Count : 1]<UL><LI> startup_stm32f401xc.o(RESET)
</UL>
<P><STRONG><a name="[b]"></a>PVD_IRQHandler</STRONG> (Thumb, 0 bytes, Stack size 0 bytes, startup_stm32f401xc.o(.text))
<BR>[Address Reference Count : 1]<UL><LI> startup_stm32f401xc.o(RESET)
</UL>
<P><STRONG><a name="[f]"></a>RCC_IRQHandler</STRONG> (Thumb, 0 bytes, Stack size 0 bytes, startup_stm32f401xc.o(.text))
<BR>[Address Reference Count : 1]<UL><LI> startup_stm32f401xc.o(RESET)
</UL>
<P><STRONG><a name="[2e]"></a>RTC_Alarm_IRQHandler</STRONG> (Thumb, 0 bytes, Stack size 0 bytes, startup_stm32f401xc.o(.text))
<BR>[Address Reference Count : 1]<UL><LI> startup_stm32f401xc.o(RESET)
</UL>
<P><STRONG><a name="[d]"></a>RTC_WKUP_IRQHandler</STRONG> (Thumb, 0 bytes, Stack size 0 bytes, startup_stm32f401xc.o(.text))
<BR>[Address Reference Count : 1]<UL><LI> startup_stm32f401xc.o(RESET)
</UL>
<P><STRONG><a name="[31]"></a>SDIO_IRQHandler</STRONG> (Thumb, 0 bytes, Stack size 0 bytes, startup_stm32f401xc.o(.text))
<BR>[Address Reference Count : 1]<UL><LI> startup_stm32f401xc.o(RESET)
</UL>
<P><STRONG><a name="[29]"></a>SPI1_IRQHandler</STRONG> (Thumb, 0 bytes, Stack size 0 bytes, startup_stm32f401xc.o(.text))
<BR>[Address Reference Count : 1]<UL><LI> startup_stm32f401xc.o(RESET)
</UL>
<P><STRONG><a name="[2a]"></a>SPI2_IRQHandler</STRONG> (Thumb, 0 bytes, Stack size 0 bytes, startup_stm32f401xc.o(.text))
<BR>[Address Reference Count : 1]<UL><LI> startup_stm32f401xc.o(RESET)
</UL>
<P><STRONG><a name="[33]"></a>SPI3_IRQHandler</STRONG> (Thumb, 0 bytes, Stack size 0 bytes, startup_stm32f401xc.o(.text))
<BR>[Address Reference Count : 1]<UL><LI> startup_stm32f401xc.o(RESET)
</UL>
<P><STRONG><a name="[41]"></a>SPI4_IRQHandler</STRONG> (Thumb, 0 bytes, Stack size 0 bytes, startup_stm32f401xc.o(.text))
<BR>[Address Reference Count : 1]<UL><LI> startup_stm32f401xc.o(RESET)
</UL>
<P><STRONG><a name="[c]"></a>TAMP_STAMP_IRQHandler</STRONG> (Thumb, 0 bytes, Stack size 0 bytes, startup_stm32f401xc.o(.text))
<BR>[Address Reference Count : 1]<UL><LI> startup_stm32f401xc.o(RESET)
</UL>
<P><STRONG><a name="[1e]"></a>TIM1_BRK_TIM9_IRQHandler</STRONG> (Thumb, 0 bytes, Stack size 0 bytes, startup_stm32f401xc.o(.text))
<BR>[Address Reference Count : 1]<UL><LI> startup_stm32f401xc.o(RESET)
</UL>
<P><STRONG><a name="[21]"></a>TIM1_CC_IRQHandler</STRONG> (Thumb, 0 bytes, Stack size 0 bytes, startup_stm32f401xc.o(.text))
<BR>[Address Reference Count : 1]<UL><LI> startup_stm32f401xc.o(RESET)
</UL>
<P><STRONG><a name="[20]"></a>TIM1_TRG_COM_TIM11_IRQHandler</STRONG> (Thumb, 0 bytes, Stack size 0 bytes, startup_stm32f401xc.o(.text))
<BR>[Address Reference Count : 1]<UL><LI> startup_stm32f401xc.o(RESET)
</UL>
<P><STRONG><a name="[1f]"></a>TIM1_UP_TIM10_IRQHandler</STRONG> (Thumb, 0 bytes, Stack size 0 bytes, startup_stm32f401xc.o(.text))
<BR>[Address Reference Count : 1]<UL><LI> startup_stm32f401xc.o(RESET)
</UL>
<P><STRONG><a name="[22]"></a>TIM2_IRQHandler</STRONG> (Thumb, 0 bytes, Stack size 0 bytes, startup_stm32f401xc.o(.text))
<BR>[Address Reference Count : 1]<UL><LI> startup_stm32f401xc.o(RESET)
</UL>
<P><STRONG><a name="[23]"></a>TIM3_IRQHandler</STRONG> (Thumb, 0 bytes, Stack size 0 bytes, startup_stm32f401xc.o(.text))
<BR>[Address Reference Count : 1]<UL><LI> startup_stm32f401xc.o(RESET)
</UL>
<P><STRONG><a name="[24]"></a>TIM4_IRQHandler</STRONG> (Thumb, 0 bytes, Stack size 0 bytes, startup_stm32f401xc.o(.text))
<BR>[Address Reference Count : 1]<UL><LI> startup_stm32f401xc.o(RESET)
</UL>
<P><STRONG><a name="[32]"></a>TIM5_IRQHandler</STRONG> (Thumb, 0 bytes, Stack size 0 bytes, startup_stm32f401xc.o(.text))
<BR>[Address Reference Count : 1]<UL><LI> startup_stm32f401xc.o(RESET)
</UL>
<P><STRONG><a name="[2b]"></a>USART1_IRQHandler</STRONG> (Thumb, 0 bytes, Stack size 0 bytes, startup_stm32f401xc.o(.text))
<BR>[Address Reference Count : 1]<UL><LI> startup_stm32f401xc.o(RESET)
</UL>
<P><STRONG><a name="[2c]"></a>USART2_IRQHandler</STRONG> (Thumb, 0 bytes, Stack size 0 bytes, startup_stm32f401xc.o(.text))
<BR>[Address Reference Count : 1]<UL><LI> startup_stm32f401xc.o(RESET)
</UL>
<P><STRONG><a name="[3d]"></a>USART6_IRQHandler</STRONG> (Thumb, 0 bytes, Stack size 0 bytes, startup_stm32f401xc.o(.text))
<BR>[Address Reference Count : 1]<UL><LI> startup_stm32f401xc.o(RESET)
</UL>
<P><STRONG><a name="[a]"></a>WWDG_IRQHandler</STRONG> (Thumb, 0 bytes, Stack size 0 bytes, startup_stm32f401xc.o(.text))
<BR>[Address Reference Count : 1]<UL><LI> startup_stm32f401xc.o(RESET)
</UL>
<P><STRONG><a name="[45]"></a>__user_initial_stackheap</STRONG> (Thumb, 0 bytes, Stack size unknown bytes, startup_stm32f401xc.o(.text), UNUSED, KEPT)

<P><STRONG><a name="[6d]"></a>__use_two_region_memory</STRONG> (Thumb, 2 bytes, Stack size 0 bytes, heapauxi.o(.text), UNUSED)

<P><STRONG><a name="[6e]"></a>__rt_heap_escrow$2region</STRONG> (Thumb, 2 bytes, Stack size 0 bytes, heapauxi.o(.text), UNUSED)

<P><STRONG><a name="[6f]"></a>__rt_heap_expand$2region</STRONG> (Thumb, 2 bytes, Stack size 0 bytes, heapauxi.o(.text), UNUSED)

<P><STRONG><a name="[42]"></a>SystemInit</STRONG> (Thumb, 18 bytes, Stack size 0 bytes, system_stm32f4xx.o(.text.SystemInit))
<BR>[Address Reference Count : 1]<UL><LI> startup_stm32f401xc.o(.text)
</UL>
<P><STRONG><a name="[62]"></a>Get_Random_Seed</STRONG> (Thumb, 0 bytes, Stack size unknown bytes, configuration.o(MYCODE))
<BR><BR>[Called By]<UL><LI><a href="#[2d]">&gt;&gt;</a>&nbsp;&nbsp;&nbsp;EXTI15_10_IRQHandler
<LI><a href="#[65]">&gt;&gt;</a>&nbsp;&nbsp;&nbsp;UNDERTALE
<LI><a href="#[6a]">&gt;&gt;</a>&nbsp;&nbsp;&nbsp;SUBWAY
<LI><a href="#[60]">&gt;&gt;</a>&nbsp;&nbsp;&nbsp;FRUITNINJA
<LI><a href="#[69]">&gt;&gt;</a>&nbsp;&nbsp;&nbsp;FIREDORTIRED
</UL>

<P><STRONG><a name="[61]"></a>GPIO_INIT</STRONG> (Thumb, 0 bytes, Stack size unknown bytes, configuration.o(MYCODE))
<BR><BR>[Called By]<UL><LI><a href="#[60]">&gt;&gt;</a>&nbsp;&nbsp;&nbsp;FRUITNINJA
<LI><a href="#[43]">&gt;&gt;</a>&nbsp;&nbsp;&nbsp;__main
</UL>

<P><STRONG><a name="[70]"></a>GPIOX_ONEREAD</STRONG> (Thumb, 0 bytes, Stack size unknown bytes, configuration.o(MYCODE), UNUSED)

<P><STRONG><a name="[71]"></a>GPIOX_READ</STRONG> (Thumb, 0 bytes, Stack size unknown bytes, configuration.o(MYCODE), UNUSED)

<P><STRONG><a name="[72]"></a>GPIOX_SETHIGH</STRONG> (Thumb, 0 bytes, Stack size unknown bytes, configuration.o(MYCODE), UNUSED)

<P><STRONG><a name="[73]"></a>GPIOX_SETLOW</STRONG> (Thumb, 0 bytes, Stack size unknown bytes, configuration.o(MYCODE), UNUSED)

<P><STRONG><a name="[46]"></a>TFT_Init</STRONG> (Thumb, 0 bytes, Stack size unknown bytes, configuration.o(MYCODE))
<BR><BR>[Calls]<UL><LI><a href="#[47]">&gt;&gt;</a>&nbsp;&nbsp;&nbsp;delay
<LI><a href="#[49]">&gt;&gt;</a>&nbsp;&nbsp;&nbsp;TFT_WriteData
<LI><a href="#[48]">&gt;&gt;</a>&nbsp;&nbsp;&nbsp;TFT_WriteCommand
</UL>
<BR>[Called By]<UL><LI><a href="#[60]">&gt;&gt;</a>&nbsp;&nbsp;&nbsp;FRUITNINJA
<LI><a href="#[43]">&gt;&gt;</a>&nbsp;&nbsp;&nbsp;__main
</UL>

<P><STRONG><a name="[48]"></a>TFT_WriteCommand</STRONG> (Thumb, 0 bytes, Stack size unknown bytes, configuration.o(MYCODE))
<BR><BR>[Called By]<UL><LI><a href="#[4d]">&gt;&gt;</a>&nbsp;&nbsp;&nbsp;TFT_DrawImage
<LI><a href="#[46]">&gt;&gt;</a>&nbsp;&nbsp;&nbsp;TFT_Init
<LI><a href="#[4b]">&gt;&gt;</a>&nbsp;&nbsp;&nbsp;DrawRect
</UL>

<P><STRONG><a name="[49]"></a>TFT_WriteData</STRONG> (Thumb, 0 bytes, Stack size unknown bytes, configuration.o(MYCODE))
<BR><BR>[Called By]<UL><LI><a href="#[4d]">&gt;&gt;</a>&nbsp;&nbsp;&nbsp;TFT_DrawImage
<LI><a href="#[46]">&gt;&gt;</a>&nbsp;&nbsp;&nbsp;TFT_Init
<LI><a href="#[4e]">&gt;&gt;</a>&nbsp;&nbsp;&nbsp;TFT_ImageLoop
<LI><a href="#[4b]">&gt;&gt;</a>&nbsp;&nbsp;&nbsp;DrawRect
</UL>

<P><STRONG><a name="[4a]"></a>TFT_FillScreen</STRONG> (Thumb, 0 bytes, Stack size unknown bytes, configuration.o(MYCODE))
<BR><BR>[Calls]<UL><LI><a href="#[4b]">&gt;&gt;</a>&nbsp;&nbsp;&nbsp;DrawRect
</UL>
<BR>[Called By]<UL><LI><a href="#[5f]">&gt;&gt;</a>&nbsp;&nbsp;&nbsp;DRAW_DRAW
<LI><a href="#[65]">&gt;&gt;</a>&nbsp;&nbsp;&nbsp;UNDERTALE
<LI><a href="#[6a]">&gt;&gt;</a>&nbsp;&nbsp;&nbsp;SUBWAY
<LI><a href="#[66]">&gt;&gt;</a>&nbsp;&nbsp;&nbsp;SNAKE
<LI><a href="#[69]">&gt;&gt;</a>&nbsp;&nbsp;&nbsp;FIREDORTIRED
<LI><a href="#[6c]">&gt;&gt;</a>&nbsp;&nbsp;&nbsp;BOWLING
</UL>

<P><STRONG><a name="[4b]"></a>DrawRect</STRONG> (Thumb, 0 bytes, Stack size unknown bytes, configuration.o(MYCODE))
<BR><BR>[Calls]<UL><LI><a href="#[49]">&gt;&gt;</a>&nbsp;&nbsp;&nbsp;TFT_WriteData
<LI><a href="#[48]">&gt;&gt;</a>&nbsp;&nbsp;&nbsp;TFT_WriteCommand
</UL>
<BR>[Called By]<UL><LI><a href="#[2d]">&gt;&gt;</a>&nbsp;&nbsp;&nbsp;EXTI15_10_IRQHandler
<LI><a href="#[5f]">&gt;&gt;</a>&nbsp;&nbsp;&nbsp;DRAW_DRAW
<LI><a href="#[5e]">&gt;&gt;</a>&nbsp;&nbsp;&nbsp;TWOWIN
<LI><a href="#[5d]">&gt;&gt;</a>&nbsp;&nbsp;&nbsp;ONEWIN
<LI><a href="#[59]">&gt;&gt;</a>&nbsp;&nbsp;&nbsp;CLEAR_COLOR
<LI><a href="#[4c]">&gt;&gt;</a>&nbsp;&nbsp;&nbsp;Draw_Ball
<LI><a href="#[5c]">&gt;&gt;</a>&nbsp;&nbsp;&nbsp;WIN
<LI><a href="#[65]">&gt;&gt;</a>&nbsp;&nbsp;&nbsp;UNDERTALE
<LI><a href="#[4a]">&gt;&gt;</a>&nbsp;&nbsp;&nbsp;TFT_FillScreen
<LI><a href="#[6a]">&gt;&gt;</a>&nbsp;&nbsp;&nbsp;SUBWAY
<LI><a href="#[44]">&gt;&gt;</a>&nbsp;&nbsp;&nbsp;LOSE
<LI><a href="#[6b]">&gt;&gt;</a>&nbsp;&nbsp;&nbsp;HOCKEY
<LI><a href="#[60]">&gt;&gt;</a>&nbsp;&nbsp;&nbsp;FRUITNINJA
<LI><a href="#[67]">&gt;&gt;</a>&nbsp;&nbsp;&nbsp;FLAPPYBIRD
<LI><a href="#[69]">&gt;&gt;</a>&nbsp;&nbsp;&nbsp;FIREDORTIRED
<LI><a href="#[50]">&gt;&gt;</a>&nbsp;&nbsp;&nbsp;DrawScoreDIGIT
<LI><a href="#[5b]">&gt;&gt;</a>&nbsp;&nbsp;&nbsp;DRAWSCORE
<LI><a href="#[68]">&gt;&gt;</a>&nbsp;&nbsp;&nbsp;BRICKBREAKER
<LI><a href="#[6c]">&gt;&gt;</a>&nbsp;&nbsp;&nbsp;BOWLING
<LI><a href="#[43]">&gt;&gt;</a>&nbsp;&nbsp;&nbsp;__main
</UL>

<P><STRONG><a name="[4c]"></a>Draw_Ball</STRONG> (Thumb, 0 bytes, Stack size unknown bytes, configuration.o(MYCODE))
<BR><BR>[Calls]<UL><LI><a href="#[4b]">&gt;&gt;</a>&nbsp;&nbsp;&nbsp;DrawRect
</UL>
<BR>[Called By]<UL><LI><a href="#[2d]">&gt;&gt;</a>&nbsp;&nbsp;&nbsp;EXTI15_10_IRQHandler
<LI><a href="#[6b]">&gt;&gt;</a>&nbsp;&nbsp;&nbsp;HOCKEY
</UL>

<P><STRONG><a name="[4d]"></a>TFT_DrawImage</STRONG> (Thumb, 0 bytes, Stack size unknown bytes, configuration.o(MYCODE))
<BR><BR>[Calls]<UL><LI><a href="#[49]">&gt;&gt;</a>&nbsp;&nbsp;&nbsp;TFT_WriteData
<LI><a href="#[48]">&gt;&gt;</a>&nbsp;&nbsp;&nbsp;TFT_WriteCommand
</UL>
<BR>[Called By]<UL><LI><a href="#[69]">&gt;&gt;</a>&nbsp;&nbsp;&nbsp;FIREDORTIRED
</UL>

<P><STRONG><a name="[4e]"></a>TFT_ImageLoop</STRONG> (Thumb, 0 bytes, Stack size unknown bytes, configuration.o(MYCODE), UNUSED)
<BR><BR>[Calls]<UL><LI><a href="#[49]">&gt;&gt;</a>&nbsp;&nbsp;&nbsp;TFT_WriteData
<LI><a href="#[4e]">&gt;&gt;</a>&nbsp;&nbsp;&nbsp;TFT_ImageLoop
</UL>
<BR>[Called By]<UL><LI><a href="#[4e]">&gt;&gt;</a>&nbsp;&nbsp;&nbsp;TFT_ImageLoop
</UL>

<P><STRONG><a name="[47]"></a>delay</STRONG> (Thumb, 0 bytes, Stack size unknown bytes, configuration.o(MYCODE))
<BR><BR>[Called By]<UL><LI><a href="#[46]">&gt;&gt;</a>&nbsp;&nbsp;&nbsp;TFT_Init
<LI><a href="#[6a]">&gt;&gt;</a>&nbsp;&nbsp;&nbsp;SUBWAY
<LI><a href="#[66]">&gt;&gt;</a>&nbsp;&nbsp;&nbsp;SNAKE
</UL>

<P><STRONG><a name="[63]"></a>DIV</STRONG> (Thumb, 0 bytes, Stack size unknown bytes, configuration.o(MYCODE))
<BR><BR>[Called By]<UL><LI><a href="#[2d]">&gt;&gt;</a>&nbsp;&nbsp;&nbsp;EXTI15_10_IRQHandler
<LI><a href="#[65]">&gt;&gt;</a>&nbsp;&nbsp;&nbsp;UNDERTALE
<LI><a href="#[6a]">&gt;&gt;</a>&nbsp;&nbsp;&nbsp;SUBWAY
<LI><a href="#[6b]">&gt;&gt;</a>&nbsp;&nbsp;&nbsp;HOCKEY
<LI><a href="#[60]">&gt;&gt;</a>&nbsp;&nbsp;&nbsp;FRUITNINJA
<LI><a href="#[69]">&gt;&gt;</a>&nbsp;&nbsp;&nbsp;FIREDORTIRED
<LI><a href="#[68]">&gt;&gt;</a>&nbsp;&nbsp;&nbsp;BRICKBREAKER
</UL>

<P><STRONG><a name="[4f]"></a>COLOR_BLUE</STRONG> (Thumb, 0 bytes, Stack size unknown bytes, score.o(MYCODE), UNUSED)
<BR><BR>[Calls]<UL><LI><a href="#[50]">&gt;&gt;</a>&nbsp;&nbsp;&nbsp;DrawScoreDIGIT
</UL>

<P><STRONG><a name="[51]"></a>COLOR_PINK</STRONG> (Thumb, 0 bytes, Stack size unknown bytes, score.o(MYCODE), UNUSED)
<BR><BR>[Calls]<UL><LI><a href="#[50]">&gt;&gt;</a>&nbsp;&nbsp;&nbsp;DrawScoreDIGIT
</UL>

<P><STRONG><a name="[52]"></a>COLOR_CYAN</STRONG> (Thumb, 0 bytes, Stack size unknown bytes, score.o(MYCODE), UNUSED)
<BR><BR>[Calls]<UL><LI><a href="#[50]">&gt;&gt;</a>&nbsp;&nbsp;&nbsp;DrawScoreDIGIT
</UL>

<P><STRONG><a name="[53]"></a>COLOR_RED</STRONG> (Thumb, 0 bytes, Stack size unknown bytes, score.o(MYCODE), UNUSED)
<BR><BR>[Calls]<UL><LI><a href="#[50]">&gt;&gt;</a>&nbsp;&nbsp;&nbsp;DrawScoreDIGIT
</UL>

<P><STRONG><a name="[54]"></a>COLOR_YELLOW</STRONG> (Thumb, 0 bytes, Stack size unknown bytes, score.o(MYCODE), UNUSED)
<BR><BR>[Calls]<UL><LI><a href="#[50]">&gt;&gt;</a>&nbsp;&nbsp;&nbsp;DrawScoreDIGIT
</UL>

<P><STRONG><a name="[55]"></a>COLOR_ORANGE</STRONG> (Thumb, 0 bytes, Stack size unknown bytes, score.o(MYCODE), UNUSED)
<BR><BR>[Calls]<UL><LI><a href="#[50]">&gt;&gt;</a>&nbsp;&nbsp;&nbsp;DrawScoreDIGIT
</UL>

<P><STRONG><a name="[56]"></a>COLOR_GREEN</STRONG> (Thumb, 0 bytes, Stack size unknown bytes, score.o(MYCODE))
<BR><BR>[Calls]<UL><LI><a href="#[50]">&gt;&gt;</a>&nbsp;&nbsp;&nbsp;DrawScoreDIGIT
</UL>
<BR>[Called By]<UL><LI><a href="#[6a]">&gt;&gt;</a>&nbsp;&nbsp;&nbsp;SUBWAY
</UL>

<P><STRONG><a name="[57]"></a>COLOR_WHITE</STRONG> (Thumb, 0 bytes, Stack size unknown bytes, score.o(MYCODE))
<BR><BR>[Calls]<UL><LI><a href="#[50]">&gt;&gt;</a>&nbsp;&nbsp;&nbsp;DrawScoreDIGIT
</UL>
<BR>[Called By]<UL><LI><a href="#[60]">&gt;&gt;</a>&nbsp;&nbsp;&nbsp;FRUITNINJA
<LI><a href="#[68]">&gt;&gt;</a>&nbsp;&nbsp;&nbsp;BRICKBREAKER
</UL>

<P><STRONG><a name="[58]"></a>COLOR_BLACK</STRONG> (Thumb, 0 bytes, Stack size unknown bytes, score.o(MYCODE))
<BR><BR>[Calls]<UL><LI><a href="#[50]">&gt;&gt;</a>&nbsp;&nbsp;&nbsp;DrawScoreDIGIT
</UL>
<BR>[Called By]<UL><LI><a href="#[67]">&gt;&gt;</a>&nbsp;&nbsp;&nbsp;FLAPPYBIRD
</UL>

<P><STRONG><a name="[74]"></a>SET_SCORE</STRONG> (Thumb, 0 bytes, Stack size unknown bytes, score.o(MYCODE), UNUSED)

<P><STRONG><a name="[64]"></a>SCORE_INIT</STRONG> (Thumb, 0 bytes, Stack size unknown bytes, score.o(MYCODE))
<BR><BR>[Called By]<UL><LI><a href="#[65]">&gt;&gt;</a>&nbsp;&nbsp;&nbsp;UNDERTALE
<LI><a href="#[6a]">&gt;&gt;</a>&nbsp;&nbsp;&nbsp;SUBWAY
<LI><a href="#[60]">&gt;&gt;</a>&nbsp;&nbsp;&nbsp;FRUITNINJA
<LI><a href="#[67]">&gt;&gt;</a>&nbsp;&nbsp;&nbsp;FLAPPYBIRD
</UL>

<P><STRONG><a name="[59]"></a>CLEAR_COLOR</STRONG> (Thumb, 0 bytes, Stack size unknown bytes, score.o(MYCODE))
<BR><BR>[Calls]<UL><LI><a href="#[4b]">&gt;&gt;</a>&nbsp;&nbsp;&nbsp;DrawRect
</UL>
<BR>[Called By]<UL><LI><a href="#[5a]">&gt;&gt;</a>&nbsp;&nbsp;&nbsp;IncrementScore
</UL>

<P><STRONG><a name="[5a]"></a>IncrementScore</STRONG> (Thumb, 0 bytes, Stack size unknown bytes, score.o(MYCODE))
<BR><BR>[Calls]<UL><LI><a href="#[59]">&gt;&gt;</a>&nbsp;&nbsp;&nbsp;CLEAR_COLOR
</UL>
<BR>[Called By]<UL><LI><a href="#[2d]">&gt;&gt;</a>&nbsp;&nbsp;&nbsp;EXTI15_10_IRQHandler
<LI><a href="#[6a]">&gt;&gt;</a>&nbsp;&nbsp;&nbsp;SUBWAY
<LI><a href="#[60]">&gt;&gt;</a>&nbsp;&nbsp;&nbsp;FRUITNINJA
<LI><a href="#[67]">&gt;&gt;</a>&nbsp;&nbsp;&nbsp;FLAPPYBIRD
<LI><a href="#[68]">&gt;&gt;</a>&nbsp;&nbsp;&nbsp;BRICKBREAKER
</UL>

<P><STRONG><a name="[50]"></a>DrawScoreDIGIT</STRONG> (Thumb, 0 bytes, Stack size unknown bytes, score.o(MYCODE))
<BR><BR>[Calls]<UL><LI><a href="#[4b]">&gt;&gt;</a>&nbsp;&nbsp;&nbsp;DrawRect
</UL>
<BR>[Called By]<UL><LI><a href="#[57]">&gt;&gt;</a>&nbsp;&nbsp;&nbsp;COLOR_WHITE
<LI><a href="#[55]">&gt;&gt;</a>&nbsp;&nbsp;&nbsp;COLOR_ORANGE
<LI><a href="#[54]">&gt;&gt;</a>&nbsp;&nbsp;&nbsp;COLOR_YELLOW
<LI><a href="#[53]">&gt;&gt;</a>&nbsp;&nbsp;&nbsp;COLOR_RED
<LI><a href="#[52]">&gt;&gt;</a>&nbsp;&nbsp;&nbsp;COLOR_CYAN
<LI><a href="#[51]">&gt;&gt;</a>&nbsp;&nbsp;&nbsp;COLOR_PINK
<LI><a href="#[4f]">&gt;&gt;</a>&nbsp;&nbsp;&nbsp;COLOR_BLUE
<LI><a href="#[56]">&gt;&gt;</a>&nbsp;&nbsp;&nbsp;COLOR_GREEN
<LI><a href="#[58]">&gt;&gt;</a>&nbsp;&nbsp;&nbsp;COLOR_BLACK
</UL>

<P><STRONG><a name="[5b]"></a>DRAWSCORE</STRONG> (Thumb, 0 bytes, Stack size unknown bytes, score.o(MYCODE), UNUSED)
<BR><BR>[Calls]<UL><LI><a href="#[4b]">&gt;&gt;</a>&nbsp;&nbsp;&nbsp;DrawRect
</UL>

<P><STRONG><a name="[5c]"></a>WIN</STRONG> (Thumb, 0 bytes, Stack size unknown bytes, screens.o(MYCODE))
<BR><BR>[Calls]<UL><LI><a href="#[4b]">&gt;&gt;</a>&nbsp;&nbsp;&nbsp;DrawRect
</UL>
<BR>[Called By]<UL><LI><a href="#[66]">&gt;&gt;</a>&nbsp;&nbsp;&nbsp;SNAKE
<LI><a href="#[68]">&gt;&gt;</a>&nbsp;&nbsp;&nbsp;BRICKBREAKER
</UL>

<P><STRONG><a name="[44]"></a>LOSE</STRONG> (Thumb, 0 bytes, Stack size unknown bytes, screens.o(MYCODE))
<BR><BR>[Calls]<UL><LI><a href="#[4b]">&gt;&gt;</a>&nbsp;&nbsp;&nbsp;DrawRect
</UL>
<BR>[Called By]<UL><LI><a href="#[65]">&gt;&gt;</a>&nbsp;&nbsp;&nbsp;UNDERTALE
<LI><a href="#[6a]">&gt;&gt;</a>&nbsp;&nbsp;&nbsp;SUBWAY
<LI><a href="#[66]">&gt;&gt;</a>&nbsp;&nbsp;&nbsp;SNAKE
<LI><a href="#[60]">&gt;&gt;</a>&nbsp;&nbsp;&nbsp;FRUITNINJA
<LI><a href="#[67]">&gt;&gt;</a>&nbsp;&nbsp;&nbsp;FLAPPYBIRD
<LI><a href="#[68]">&gt;&gt;</a>&nbsp;&nbsp;&nbsp;BRICKBREAKER
</UL>
<BR>[Address Reference Count : 1]<UL><LI> fruitninja.o(MYCODE)
</UL>
<P><STRONG><a name="[5d]"></a>ONEWIN</STRONG> (Thumb, 0 bytes, Stack size unknown bytes, screens.o(MYCODE))
<BR><BR>[Calls]<UL><LI><a href="#[4b]">&gt;&gt;</a>&nbsp;&nbsp;&nbsp;DrawRect
</UL>
<BR>[Called By]<UL><LI><a href="#[6b]">&gt;&gt;</a>&nbsp;&nbsp;&nbsp;HOCKEY
<LI><a href="#[69]">&gt;&gt;</a>&nbsp;&nbsp;&nbsp;FIREDORTIRED
<LI><a href="#[6c]">&gt;&gt;</a>&nbsp;&nbsp;&nbsp;BOWLING
</UL>

<P><STRONG><a name="[5e]"></a>TWOWIN</STRONG> (Thumb, 0 bytes, Stack size unknown bytes, screens.o(MYCODE))
<BR><BR>[Calls]<UL><LI><a href="#[4b]">&gt;&gt;</a>&nbsp;&nbsp;&nbsp;DrawRect
</UL>
<BR>[Called By]<UL><LI><a href="#[6b]">&gt;&gt;</a>&nbsp;&nbsp;&nbsp;HOCKEY
<LI><a href="#[69]">&gt;&gt;</a>&nbsp;&nbsp;&nbsp;FIREDORTIRED
<LI><a href="#[6c]">&gt;&gt;</a>&nbsp;&nbsp;&nbsp;BOWLING
</UL>

<P><STRONG><a name="[5f]"></a>DRAW_DRAW</STRONG> (Thumb, 0 bytes, Stack size unknown bytes, screens.o(MYCODE))
<BR><BR>[Calls]<UL><LI><a href="#[4a]">&gt;&gt;</a>&nbsp;&nbsp;&nbsp;TFT_FillScreen
<LI><a href="#[4b]">&gt;&gt;</a>&nbsp;&nbsp;&nbsp;DrawRect
</UL>
<BR>[Called By]<UL><LI><a href="#[6c]">&gt;&gt;</a>&nbsp;&nbsp;&nbsp;BOWLING
</UL>

<P><STRONG><a name="[60]"></a>FRUITNINJA</STRONG> (Thumb, 0 bytes, Stack size unknown bytes, fruitninja.o(MYCODE))
<BR><BR>[Calls]<UL><LI><a href="#[57]">&gt;&gt;</a>&nbsp;&nbsp;&nbsp;COLOR_WHITE
<LI><a href="#[63]">&gt;&gt;</a>&nbsp;&nbsp;&nbsp;DIV
<LI><a href="#[62]">&gt;&gt;</a>&nbsp;&nbsp;&nbsp;Get_Random_Seed
<LI><a href="#[46]">&gt;&gt;</a>&nbsp;&nbsp;&nbsp;TFT_Init
<LI><a href="#[64]">&gt;&gt;</a>&nbsp;&nbsp;&nbsp;SCORE_INIT
<LI><a href="#[44]">&gt;&gt;</a>&nbsp;&nbsp;&nbsp;LOSE
<LI><a href="#[5a]">&gt;&gt;</a>&nbsp;&nbsp;&nbsp;IncrementScore
<LI><a href="#[61]">&gt;&gt;</a>&nbsp;&nbsp;&nbsp;GPIO_INIT
<LI><a href="#[4b]">&gt;&gt;</a>&nbsp;&nbsp;&nbsp;DrawRect
</UL>
<BR>[Called By]<UL><LI><a href="#[43]">&gt;&gt;</a>&nbsp;&nbsp;&nbsp;__main
</UL>

<P><STRONG><a name="[65]"></a>UNDERTALE</STRONG> (Thumb, 0 bytes, Stack size unknown bytes, undertale.o(MYCODE))
<BR><BR>[Calls]<UL><LI><a href="#[63]">&gt;&gt;</a>&nbsp;&nbsp;&nbsp;DIV
<LI><a href="#[62]">&gt;&gt;</a>&nbsp;&nbsp;&nbsp;Get_Random_Seed
<LI><a href="#[4a]">&gt;&gt;</a>&nbsp;&nbsp;&nbsp;TFT_FillScreen
<LI><a href="#[64]">&gt;&gt;</a>&nbsp;&nbsp;&nbsp;SCORE_INIT
<LI><a href="#[44]">&gt;&gt;</a>&nbsp;&nbsp;&nbsp;LOSE
<LI><a href="#[4b]">&gt;&gt;</a>&nbsp;&nbsp;&nbsp;DrawRect
</UL>
<BR>[Called By]<UL><LI><a href="#[43]">&gt;&gt;</a>&nbsp;&nbsp;&nbsp;__main
</UL>

<P><STRONG><a name="[43]"></a>__main</STRONG> (Thumb, 8134 bytes, Stack size 0 bytes, main.o(RESET))
<BR><BR>[Calls]<UL><LI><a href="#[65]">&gt;&gt;</a>&nbsp;&nbsp;&nbsp;UNDERTALE
<LI><a href="#[46]">&gt;&gt;</a>&nbsp;&nbsp;&nbsp;TFT_Init
<LI><a href="#[6a]">&gt;&gt;</a>&nbsp;&nbsp;&nbsp;SUBWAY
<LI><a href="#[66]">&gt;&gt;</a>&nbsp;&nbsp;&nbsp;SNAKE
<LI><a href="#[6b]">&gt;&gt;</a>&nbsp;&nbsp;&nbsp;HOCKEY
<LI><a href="#[61]">&gt;&gt;</a>&nbsp;&nbsp;&nbsp;GPIO_INIT
<LI><a href="#[60]">&gt;&gt;</a>&nbsp;&nbsp;&nbsp;FRUITNINJA
<LI><a href="#[67]">&gt;&gt;</a>&nbsp;&nbsp;&nbsp;FLAPPYBIRD
<LI><a href="#[69]">&gt;&gt;</a>&nbsp;&nbsp;&nbsp;FIREDORTIRED
<LI><a href="#[4b]">&gt;&gt;</a>&nbsp;&nbsp;&nbsp;DrawRect
<LI><a href="#[68]">&gt;&gt;</a>&nbsp;&nbsp;&nbsp;BRICKBREAKER
<LI><a href="#[6c]">&gt;&gt;</a>&nbsp;&nbsp;&nbsp;BOWLING
<LI><a href="#[43]">&gt;&gt;</a>&nbsp;&nbsp;&nbsp;__main
</UL>
<BR>[Called By]<UL><LI><a href="#[43]">&gt;&gt;</a>&nbsp;&nbsp;&nbsp;__main
</UL>
<BR>[Address Reference Count : 1]<UL><LI> startup_stm32f401xc.o(.text)
</UL>
<P><STRONG><a name="[69]"></a>FIREDORTIRED</STRONG> (Thumb, 0 bytes, Stack size unknown bytes, firedortired.o(RESET))
<BR><BR>[Calls]<UL><LI><a href="#[5e]">&gt;&gt;</a>&nbsp;&nbsp;&nbsp;TWOWIN
<LI><a href="#[5d]">&gt;&gt;</a>&nbsp;&nbsp;&nbsp;ONEWIN
<LI><a href="#[63]">&gt;&gt;</a>&nbsp;&nbsp;&nbsp;DIV
<LI><a href="#[4d]">&gt;&gt;</a>&nbsp;&nbsp;&nbsp;TFT_DrawImage
<LI><a href="#[62]">&gt;&gt;</a>&nbsp;&nbsp;&nbsp;Get_Random_Seed
<LI><a href="#[4a]">&gt;&gt;</a>&nbsp;&nbsp;&nbsp;TFT_FillScreen
<LI><a href="#[4b]">&gt;&gt;</a>&nbsp;&nbsp;&nbsp;DrawRect
</UL>
<BR>[Called By]<UL><LI><a href="#[43]">&gt;&gt;</a>&nbsp;&nbsp;&nbsp;__main
</UL>

<P><STRONG><a name="[6c]"></a>BOWLING</STRONG> (Thumb, 0 bytes, Stack size unknown bytes, bowling.o(RESET))
<BR><BR>[Calls]<UL><LI><a href="#[5f]">&gt;&gt;</a>&nbsp;&nbsp;&nbsp;DRAW_DRAW
<LI><a href="#[5e]">&gt;&gt;</a>&nbsp;&nbsp;&nbsp;TWOWIN
<LI><a href="#[5d]">&gt;&gt;</a>&nbsp;&nbsp;&nbsp;ONEWIN
<LI><a href="#[4a]">&gt;&gt;</a>&nbsp;&nbsp;&nbsp;TFT_FillScreen
<LI><a href="#[4b]">&gt;&gt;</a>&nbsp;&nbsp;&nbsp;DrawRect
</UL>
<BR>[Called By]<UL><LI><a href="#[43]">&gt;&gt;</a>&nbsp;&nbsp;&nbsp;__main
</UL>

<P><STRONG><a name="[68]"></a>BRICKBREAKER</STRONG> (Thumb, 0 bytes, Stack size unknown bytes, brickbreaker.o(RESET))
<BR><BR>[Calls]<UL><LI><a href="#[57]">&gt;&gt;</a>&nbsp;&nbsp;&nbsp;COLOR_WHITE
<LI><a href="#[63]">&gt;&gt;</a>&nbsp;&nbsp;&nbsp;DIV
<LI><a href="#[5c]">&gt;&gt;</a>&nbsp;&nbsp;&nbsp;WIN
<LI><a href="#[44]">&gt;&gt;</a>&nbsp;&nbsp;&nbsp;LOSE
<LI><a href="#[5a]">&gt;&gt;</a>&nbsp;&nbsp;&nbsp;IncrementScore
<LI><a href="#[4b]">&gt;&gt;</a>&nbsp;&nbsp;&nbsp;DrawRect
</UL>
<BR>[Called By]<UL><LI><a href="#[43]">&gt;&gt;</a>&nbsp;&nbsp;&nbsp;__main
</UL>

<P><STRONG><a name="[67]"></a>FLAPPYBIRD</STRONG> (Thumb, 0 bytes, Stack size unknown bytes, flappybird.o(RESET))
<BR><BR>[Calls]<UL><LI><a href="#[64]">&gt;&gt;</a>&nbsp;&nbsp;&nbsp;SCORE_INIT
<LI><a href="#[44]">&gt;&gt;</a>&nbsp;&nbsp;&nbsp;LOSE
<LI><a href="#[5a]">&gt;&gt;</a>&nbsp;&nbsp;&nbsp;IncrementScore
<LI><a href="#[4b]">&gt;&gt;</a>&nbsp;&nbsp;&nbsp;DrawRect
<LI><a href="#[58]">&gt;&gt;</a>&nbsp;&nbsp;&nbsp;COLOR_BLACK
</UL>
<BR>[Called By]<UL><LI><a href="#[43]">&gt;&gt;</a>&nbsp;&nbsp;&nbsp;__main
</UL>

<P><STRONG><a name="[6b]"></a>HOCKEY</STRONG> (Thumb, 0 bytes, Stack size unknown bytes, hockey.o(RESET))
<BR><BR>[Calls]<UL><LI><a href="#[5e]">&gt;&gt;</a>&nbsp;&nbsp;&nbsp;TWOWIN
<LI><a href="#[5d]">&gt;&gt;</a>&nbsp;&nbsp;&nbsp;ONEWIN
<LI><a href="#[63]">&gt;&gt;</a>&nbsp;&nbsp;&nbsp;DIV
<LI><a href="#[4c]">&gt;&gt;</a>&nbsp;&nbsp;&nbsp;Draw_Ball
<LI><a href="#[4b]">&gt;&gt;</a>&nbsp;&nbsp;&nbsp;DrawRect
</UL>
<BR>[Called By]<UL><LI><a href="#[43]">&gt;&gt;</a>&nbsp;&nbsp;&nbsp;__main
</UL>

<P><STRONG><a name="[66]"></a>SNAKE</STRONG> (Thumb, 0 bytes, Stack size unknown bytes, snake.o(RESET))
<BR><BR>[Calls]<UL><LI><a href="#[47]">&gt;&gt;</a>&nbsp;&nbsp;&nbsp;delay
<LI><a href="#[5c]">&gt;&gt;</a>&nbsp;&nbsp;&nbsp;WIN
<LI><a href="#[4a]">&gt;&gt;</a>&nbsp;&nbsp;&nbsp;TFT_FillScreen
<LI><a href="#[44]">&gt;&gt;</a>&nbsp;&nbsp;&nbsp;LOSE
</UL>
<BR>[Called By]<UL><LI><a href="#[43]">&gt;&gt;</a>&nbsp;&nbsp;&nbsp;__main
</UL>

<P><STRONG><a name="[2d]"></a>EXTI15_10_IRQHandler</STRONG> (Thumb, 0 bytes, Stack size unknown bytes, snake.o(RESET))
<BR><BR>[Calls]<UL><LI><a href="#[63]">&gt;&gt;</a>&nbsp;&nbsp;&nbsp;DIV
<LI><a href="#[4c]">&gt;&gt;</a>&nbsp;&nbsp;&nbsp;Draw_Ball
<LI><a href="#[62]">&gt;&gt;</a>&nbsp;&nbsp;&nbsp;Get_Random_Seed
<LI><a href="#[5a]">&gt;&gt;</a>&nbsp;&nbsp;&nbsp;IncrementScore
<LI><a href="#[4b]">&gt;&gt;</a>&nbsp;&nbsp;&nbsp;DrawRect
</UL>
<BR>[Address Reference Count : 1]<UL><LI> startup_stm32f401xc.o(RESET)
</UL>
<P><STRONG><a name="[6a]"></a>SUBWAY</STRONG> (Thumb, 0 bytes, Stack size unknown bytes, subway.o(RESET))
<BR><BR>[Calls]<UL><LI><a href="#[63]">&gt;&gt;</a>&nbsp;&nbsp;&nbsp;DIV
<LI><a href="#[47]">&gt;&gt;</a>&nbsp;&nbsp;&nbsp;delay
<LI><a href="#[62]">&gt;&gt;</a>&nbsp;&nbsp;&nbsp;Get_Random_Seed
<LI><a href="#[4a]">&gt;&gt;</a>&nbsp;&nbsp;&nbsp;TFT_FillScreen
<LI><a href="#[64]">&gt;&gt;</a>&nbsp;&nbsp;&nbsp;SCORE_INIT
<LI><a href="#[44]">&gt;&gt;</a>&nbsp;&nbsp;&nbsp;LOSE
<LI><a href="#[5a]">&gt;&gt;</a>&nbsp;&nbsp;&nbsp;IncrementScore
<LI><a href="#[4b]">&gt;&gt;</a>&nbsp;&nbsp;&nbsp;DrawRect
<LI><a href="#[56]">&gt;&gt;</a>&nbsp;&nbsp;&nbsp;COLOR_GREEN
</UL>
<BR>[Called By]<UL><LI><a href="#[43]">&gt;&gt;</a>&nbsp;&nbsp;&nbsp;__main
</UL>
<P>
<H3>
Local Symbols
</H3><P>
<H3>
Undefined Global Symbols
</H3><HR></body></html>
