<html>
<body>
<pre>
<h1>µVision Build Log</h1>
<h2>Tool Versions:</h2>
IDE-Version: µVision V5.42.0.0
Copyright (C) 2025 ARM Ltd and ARM Germany GmbH. All rights reserved.
License Information: Mazen Mohsen, Mazen4Dev, LIC=2TT9P-6486L-DYXJX-0AWSZ-X9RMT-7IG35
 
Tool Versions:
Toolchain:       MDK-ARM Professional  Version: 5.42.0.0
Toolchain Path:  C:\Users\MazenDev\AppData\Local\Keil_v5\ARM\ARMCLANG\Bin
C Compiler:      ArmClang.exe V6.23
Assembler:       Armasm.exe V6.23
Linker/Locator:  ArmLink.exe V6.23
Library Manager: ArmAr.exe V6.23
Hex Converter:   FromElf.exe V6.23
CPU DLL:         SARMCM3.DLL V5.42.0.0
Dialog DLL:      DCM.DLL V1.17.5.0
Target DLL:      STLink\ST-LINKIII-KEIL_SWO.dll V3.3.0.0
Dialog DLL:      TCM.DLL V1.56.6.0
 
<h2>Project:</h2>
C:\Users\MazenDev\Desktop\CMPG Data\MicroProcessors\GameBoy\GameMenu.uvprojx
Project File Date:  05/12/2025

<h2>Output:</h2>
*** Using Compiler 'V6.23', folder: 'C:\Users\MazenDev\AppData\Local\Keil_v5\ARM\ARMCLANG\Bin'
Rebuild target 'Target_1'
armclang: warning: Your license for feature Keil will expire in 30 days [-Wlicense-management]
"FruitNinja.s", line 915: Warning: A1313W: Missing END directive at end of file
  915 00000864 
0 Errors, 1 Warning
armclang: warning: Your license for feature Keil will expire in 30 days [-Wlicense-management]
assembling FruitNinja.s...
armclang: warning: Your license for feature Keil will expire in 30 days [-Wlicense-management]
"Bowling.s", line 811: Warning: A1313W: Missing END directive at end of file
  811 00000732 
"Bowling.s", line 413: Warning: A1581W: Added 2 bytes of padding at address 0x32e
  413 00000330  LTORG
"Bowling.s", line 811: Warning: A1581W: Added 2 bytes of padding at address 0x732
  811 00000734 
0 Errors, 3 Warnings
armclang: warning: Your license for feature Keil will expire in 30 days [-Wlicense-management]
assembling Bowling.s...
armclang: warning: Your license for feature Keil will expire in 30 days [-Wlicense-management]
"configuration.s", line 647: Warning: A1313W: Missing END directive at end of file
  647 0000045a 
"configuration.s", line 227: Warning: A1581W: Added 2 bytes of padding at address 0x10a
  227 0000010c  LTORG
"configuration.s", line 647: Warning: A1581W: Added 2 bytes of padding at address 0x45a
  647 0000045c 
0 Errors, 3 Warnings
armclang: warning: Your license for feature Keil will expire in 30 days [-Wlicense-management]
assembling configuration.s...
armclang: warning: Your license for feature Keil will expire in 30 days [-Wlicense-management]
armclang: warning: Your license for feature Keil will expire in 30 days [-Wlicense-management]
assembling Image2.s...
armclang: warning: Your license for feature Keil will expire in 30 days [-Wlicense-management]
"UnderTale.s", line 992: Warning: A1313W: Missing END directive at end of file
  992 000008e0 
"UnderTale.s", line 558: Warning: A1581W: Added 2 bytes of padding at address 0x4ca
  558 000004cc   LTORG
0 Errors, 2 Warnings
armclang: warning: Your license for feature Keil will expire in 30 days [-Wlicense-management]
assembling UnderTale.s...
armclang: warning: Your license for feature Keil will expire in 30 days [-Wlicense-management]
"BrickBreaker.s", line 766: Warning: A1313W: Missing END directive at end of file
  766 000006da 
"BrickBreaker.s", line 271: Warning: A1581W: Added 2 bytes of padding at address 0x1b6
  271 000001b8  LTORG
"BrickBreaker.s", line 337: Warning: A1581W: Added 2 bytes of padding at address 0x242
  337 00000244  LTORG
"BrickBreaker.s", line 414: Warning: A1581W: Added 2 bytes of padding at address 0x2e6
  414 000002e8  LTORG
"BrickBreaker.s", line 766: Warning: A1581W: Added 2 bytes of padding at address 0x6da
  766 000006dc 
0 Errors, 5 Warnings
armclang: warning: Your license for feature Keil will expire in 30 days [-Wlicense-management]
assembling BrickBreaker.s...
armclang: warning: Your license for feature Keil will expire in 30 days [-Wlicense-management]
"Hockey.s", line 764: Warning: A1313W: Missing END directive at end of file
  764 000006f4 
"Hockey.s", line 259: Warning: A1581W: Added 2 bytes of padding at address 0x1ae
  259 000001b0  LTORG
0 Errors, 2 Warnings
armclang: warning: Your license for feature Keil will expire in 30 days [-Wlicense-management]
assembling Hockey.s...
armclang: warning: Your license for feature Keil will expire in 30 days [-Wlicense-management]
"main.s", line 199: Warning: A1581W: Added 2 bytes of padding at address 0x7e
  199 00000080  LTORG
0 Errors, 1 Warning
armclang: warning: Your license for feature Keil will expire in 30 days [-Wlicense-management]
assembling main.s...
armclang: warning: Your license for feature Keil will expire in 30 days [-Wlicense-management]
"FiredOrTired.s", line 1809: Warning: A1313W: Missing END directive at end of file
 1809 0000129e 
"FiredOrTired.s", line 460: Warning: A1581W: Added 2 bytes of padding at address 0x466
  460 00000468     LTORG
"FiredOrTired.s", line 482: Warning: A1581W: Added 2 bytes of padding at address 0x4a6
  482 000004a8     LTORG
"FiredOrTired.s", line 963: Warning: A1581W: Added 2 bytes of padding at address 0x982
  963 00000984  LTORG
"FiredOrTired.s", line 1809: Warning: A1581W: Added 2 bytes of padding at address 0x129e
 1809 000012a0 
0 Errors, 5 Warnings
armclang: warning: Your license for feature Keil will expire in 30 days [-Wlicense-management]
assembling FiredOrTired.s...
armclang: warning: Your license for feature Keil will expire in 30 days [-Wlicense-management]
"screens.s", line 1005: Warning: A1313W: Missing END directive at end of file
 1005 00000c90 
0 Errors, 1 Warning
armclang: warning: Your license for feature Keil will expire in 30 days [-Wlicense-management]
assembling screens.s...
armclang: warning: Your license for feature Keil will expire in 30 days [-Wlicense-management]
"score.s", line 831: Warning: A1313W: Missing END directive at end of file
  831 0000090a 
"score.s", line 204: Warning: A1581W: Added 2 bytes of padding at address 0x16e
  204 00000170  LTORG
"score.s", line 318: Warning: A1581W: Added 2 bytes of padding at address 0x2c6
  318 000002c8  LTORG
0 Errors, 3 Warnings
armclang: warning: Your license for feature Keil will expire in 30 days [-Wlicense-management]
assembling score.s...
armclang: warning: Your license for feature Keil will expire in 30 days [-Wlicense-management]
"Subway.s", line 827: Warning: A1313W: Missing END directive at end of file
  827 000006ee 
"Subway.s", line 483: Warning: A1581W: Added 2 bytes of padding at address 0x34e
  483 00000350  LTORG
"Subway.s", line 827: Warning: A1581W: Added 2 bytes of padding at address 0x6ee
  827 000006f0 
0 Errors, 3 Warnings
armclang: warning: Your license for feature Keil will expire in 30 days [-Wlicense-management]
assembling Subway.s...
armclang: warning: Your license for feature Keil will expire in 30 days [-Wlicense-management]
armclang: warning: Your license for feature Keil will expire in 30 days [-Wlicense-management]
assembling Image1.s...
armclang: warning: Your license for feature Keil will expire in 30 days [-Wlicense-management]
"Snake.s", line 594: Warning: A1313W: Missing END directive at end of file
  594 00000496 
"Snake.s", line 594: Warning: A1581W: Added 2 bytes of padding at address 0x496
  594 00000498 
0 Errors, 2 Warnings
armclang: warning: Your license for feature Keil will expire in 30 days [-Wlicense-management]
assembling Snake.s...
armclang: warning: Your license for feature Keil will expire in 30 days [-Wlicense-management]
"FlappyBird.s", line 592: Warning: A1313W: Missing END directive at end of file
  592 00000484 
"FlappyBird.s", line 365: Warning: A1581W: Added 2 bytes of padding at address 0x23a
  365 0000023c  LTORG
0 Errors, 2 Warnings
armclang: warning: Your license for feature Keil will expire in 30 days [-Wlicense-management]
assembling FlappyBird.s...
compiling retarget_io.c...
armclang: warning: Your license for feature Keil will expire in 30 days [-Wlicense-management]
armclang: warning: Your license for feature Keil will expire in 30 days [-Wlicense-management]
assembling startup_stm32f401xc.s...
compiling system_stm32f4xx.c...
linking...
Program Size: Code=33796 RO-data=10620 RW-data=2532 ZI-data=1536  
FromELF: creating hex file...
.\Objects\BrickBreaker.hex: Warning: Q9931W: Your license for feature Keil will expire in 30 days
Finished: 0 information, 1 warning and 0 error messages.
".\Objects\BrickBreaker.axf" - 0 Error(s), 32 Warning(s).

<h2>Software Packages used:</h2>

Package Vendor: ARM
                https://www.keil.com/pack/ARM.CMSIS.6.1.0.pack
                ARM::CMSIS@6.1.0
                CMSIS (Common Microcontroller Software Interface Standard)
   * Component: CORE Version: 6.1.0

Package Vendor: ARM
                https://www.keil.com/pack/ARM.CMSIS-Compiler.2.1.0.pack
                ARM::CMSIS-Compiler@2.1.0
                CMSIS Compiler extensions for Arm Compiler, GCC, Clang, and IAR Compiler
   * Component: CORE Version: 1.1.0

Package Vendor: Keil
                https://www.keil.com/pack/Keil.STM32F4xx_DFP.2.17.1.pack
                Keil::STM32F4xx_DFP@2.17.1
                STMicroelectronics STM32F4 Series Device Support, Drivers and Examples
   * Component: Startup Version: 2.6.3

<h2>Collection of Component include folders:</h2>
  ./RTE/_Target_1
  C:/Users/MazenDev/AppData/Local/Arm/Packs/ARM/CMSIS/6.1.0/CMSIS/Core/Include
  C:/Users/MazenDev/AppData/Local/Arm/Packs/Keil/STM32F4xx_DFP/2.17.1/Drivers/CMSIS/Device/ST/STM32F4xx/Include

<h2>Collection of Component Files used:</h2>

   * Component: ARM::CMSIS-Compiler:CORE@1.1.0
      Source file:   source/armcc/retarget_io.c

   * Component: ARM::CMSIS:CORE@6.1.0

   * Component: Keil::Device:Startup@2.6.3
      Source file:   MDK/Device/Source/ARM/STM32F401xx_OPT.s
      Source file:   MDK/Device/Source/ARM/STM32F4xx_OTP.s
      Source file:   Drivers/CMSIS/Device/ST/STM32F4xx/Source/Templates/arm/startup_stm32f401xc.s
      Include file:  Drivers/CMSIS/Device/ST/STM32F4xx/Include/stm32f4xx.h
      Source file:   Drivers/CMSIS/Device/ST/STM32F4xx/Source/Templates/system_stm32f4xx.c
Build Time Elapsed:  00:00:03
</pre>
</body>
</html>
