Component: Arm Compiler for Embedded 6.23 Tool: armlink [5f102400]

==============================================================================

Section Cross References

    main.o(MYDATA) refers (Special) to score.o(MYCODE) for COLOR_BLACK
    main.o(MYDATA) refers (Special) to configuration.o(MYCODE) for GPIOX_ONEREAD
    main.o(MYDATA) refers (Special) to screens.o(MYCODE) for LOSE
    main.o(RESET) refers (Special) to score.o(MYCODE) for COLOR_BLACK
    main.o(RESET) refers (Special) to configuration.o(MYCODE) for GPIOX_ONEREAD
    main.o(RESET) refers (Special) to screens.o(MYCODE) for LOSE
    main.o(RESET) refers to main.o(MYDATA) for SELECTED_INDEX
    main.o(RESET) refers to snake.o(RESET) for SNAKE
    main.o(RESET) refers to flappybird.o(RESET) for FLAPPYBIRD
    main.o(RESET) refers to fruitninja.o(MYCODE) for FRUITNINJA
    main.o(RESET) refers to brickbreaker.o(RESET) for BRICKBREAKER
    main.o(RESET) refers to firedortired.o(RESET) for FIREDORTIRED
    main.o(RESET) refers to subway.o(RESET) for SUBWAY
    main.o(RESET) refers to hockey.o(RESET) for HOCKEY
    main.o(RESET) refers to bowling.o(RESET) for BOWLING
    main.o(RESET) refers to undertale.o(MYCODE) for UNDERTALE
    score.o(MYCODE) refers to configuration.o(MYCODE) for DrawRect
    score.o(MYCODE) refers to score.o(MYDATA) for COLOR
    screens.o(MYCODE) refers (Special) to configuration.o(MYCODE) for delay
    firedortired.o(MYDATA) refers (Special) to configuration.o(MYCODE) for Draw_Ball
    firedortired.o(MYDATA) refers (Special) to screens.o(MYCODE) for LOSE
    firedortired.o(RESET) refers (Special) to configuration.o(MYCODE) for Draw_Ball
    firedortired.o(RESET) refers (Special) to screens.o(MYCODE) for LOSE
    firedortired.o(RESET) refers to firedortired.o(MYDATA) for RODS
    firedortired.o(RESET) refers to image1.o(MYIMAGE) for IMAGE1
    firedortired.o(RESET) refers to image2.o(MYIMAGE) for IMAGE2
    bowling.o(MYDATA) refers (Special) to score.o(MYCODE) for COLOR_BLACK
    bowling.o(MYDATA) refers (Special) to configuration.o(MYCODE) for GPIOX_ONEREAD
    bowling.o(RESET) refers (Special) to score.o(MYCODE) for COLOR_BLACK
    bowling.o(RESET) refers (Special) to configuration.o(MYCODE) for GPIOX_ONEREAD
    bowling.o(RESET) refers to bowling.o(MYDATA) for SCORE1
    bowling.o(RESET) refers to screens.o(MYCODE) for DRAW_DRAW
    brickbreaker.o(MYDATA) refers (Special) to score.o(MYCODE) for COLOR_BLACK
    brickbreaker.o(MYDATA) refers (Special) to configuration.o(MYCODE) for GPIOX_ONEREAD
    brickbreaker.o(RESET) refers (Special) to score.o(MYCODE) for COLOR_BLACK
    brickbreaker.o(RESET) refers (Special) to configuration.o(MYCODE) for GPIOX_ONEREAD
    brickbreaker.o(RESET) refers to brickbreaker.o(MYDATA) for BAR_X
    brickbreaker.o(RESET) refers to screens.o(MYCODE) for WIN
    flappybird.o(MYDATA) refers (Special) to configuration.o(MYCODE) for Draw_Ball
    flappybird.o(MYDATA) refers (Special) to screens.o(MYCODE) for WIN
    flappybird.o(RESET) refers (Special) to configuration.o(MYCODE) for Draw_Ball
    flappybird.o(RESET) refers (Special) to screens.o(MYCODE) for WIN
    flappybird.o(RESET) refers to score.o(MYCODE) for SCORE_INIT
    flappybird.o(RESET) refers to flappybird.o(MYDATA) for BIRD_Y
    fruitninja.o(MYDATA) refers (Special) to score.o(MYCODE) for DRAWSCORE
    fruitninja.o(MYDATA) refers (Special) to configuration.o(MYCODE) for GPIOX_ONEREAD
    fruitninja.o(MYDATA) refers (Special) to screens.o(MYCODE) for WIN
    fruitninja.o(MYCODE) refers (Special) to score.o(MYCODE) for DRAWSCORE
    fruitninja.o(MYCODE) refers (Special) to configuration.o(MYCODE) for GPIOX_ONEREAD
    fruitninja.o(MYCODE) refers (Special) to screens.o(MYCODE) for WIN
    fruitninja.o(MYCODE) refers to fruitninja.o(MYDATA) for LOST
    hockey.o(MYDATA) refers (Special) to score.o(MYCODE) for COLOR_BLACK
    hockey.o(MYDATA) refers (Special) to configuration.o(MYCODE) for GPIOX_ONEREAD
    hockey.o(RESET) refers (Special) to score.o(MYCODE) for COLOR_BLACK
    hockey.o(RESET) refers (Special) to configuration.o(MYCODE) for GPIOX_ONEREAD
    hockey.o(RESET) refers to hockey.o(MYDATA) for SCORE1
    hockey.o(RESET) refers to screens.o(MYCODE) for ONEWIN
    snake.o(MYDATA) refers (Special) to score.o(MYCODE) for COLOR_GREEN
    snake.o(MYDATA) refers (Special) to configuration.o(MYCODE) for GPIOX_ONEREAD
    snake.o(RESET) refers (Special) to score.o(MYCODE) for COLOR_GREEN
    snake.o(RESET) refers (Special) to configuration.o(MYCODE) for GPIOX_ONEREAD
    snake.o(RESET) refers to screens.o(MYCODE) for WIN
    snake.o(RESET) refers to snake.o(MYDATA) for BLOCKS
    subway.o(MYDATA) refers (Special) to configuration.o(MYCODE) for Draw_Ball
    subway.o(MYDATA) refers (Special) to score.o(MYCODE) for SET_SCORE
    subway.o(MYDATA) refers (Special) to screens.o(MYCODE) for WIN
    subway.o(RESET) refers (Special) to configuration.o(MYCODE) for Draw_Ball
    subway.o(RESET) refers (Special) to score.o(MYCODE) for SET_SCORE
    subway.o(RESET) refers (Special) to screens.o(MYCODE) for WIN
    subway.o(RESET) refers to subway.o(MYDATA) for PLAYER_CH
    undertale.o(MYDATA) refers (Special) to score.o(MYCODE) for COLOR_BLACK
    undertale.o(MYDATA) refers (Special) to configuration.o(MYCODE) for GPIOX_ONEREAD
    undertale.o(MYDATA) refers (Special) to screens.o(MYCODE) for WIN
    undertale.o(MYCODE) refers (Special) to score.o(MYCODE) for COLOR_BLACK
    undertale.o(MYCODE) refers (Special) to configuration.o(MYCODE) for GPIOX_ONEREAD
    undertale.o(MYCODE) refers (Special) to screens.o(MYCODE) for WIN
    undertale.o(MYCODE) refers to undertale.o(MYDATA) for SCORE
    startup_stm32f401xc.o(STACK) refers (Special) to heapauxi.o(.text) for __use_two_region_memory
    startup_stm32f401xc.o(HEAP) refers (Special) to heapauxi.o(.text) for __use_two_region_memory
    startup_stm32f401xc.o(RESET) refers (Special) to heapauxi.o(.text) for __use_two_region_memory
    startup_stm32f401xc.o(RESET) refers to startup_stm32f401xc.o(STACK) for __initial_sp
    startup_stm32f401xc.o(RESET) refers to startup_stm32f401xc.o(.text) for Reset_Handler
    startup_stm32f401xc.o(RESET) refers to snake.o(RESET) for EXTI15_10_IRQHandler
    startup_stm32f401xc.o(.text) refers (Special) to heapauxi.o(.text) for __use_two_region_memory
    startup_stm32f401xc.o(.text) refers to system_stm32f4xx.o(.text.SystemInit) for SystemInit
    startup_stm32f401xc.o(.text) refers to main.o(RESET) for __main
    startup_stm32f401xc.o(.text) refers to startup_stm32f401xc.o(HEAP) for Heap_Mem
    startup_stm32f401xc.o(.text) refers to startup_stm32f401xc.o(STACK) for Stack_Mem
    system_stm32f4xx.o(.ARM.exidx.text.SystemInit) refers to system_stm32f4xx.o(.text.SystemInit) for [Anonymous Symbol]
    system_stm32f4xx.o(.text.SystemCoreClockUpdate) refers to system_stm32f4xx.o(.data.SystemCoreClock) for SystemCoreClock
    system_stm32f4xx.o(.text.SystemCoreClockUpdate) refers to system_stm32f4xx.o(.rodata.AHBPrescTable) for AHBPrescTable
    system_stm32f4xx.o(.ARM.exidx.text.SystemCoreClockUpdate) refers to system_stm32f4xx.o(.text.SystemCoreClockUpdate) for [Anonymous Symbol]


==============================================================================

Removing Unused input sections from the image.

    Removing retarget_io.o(.text), (0 bytes).
    Removing system_stm32f4xx.o(.text), (0 bytes).
    Removing system_stm32f4xx.o(.ARM.exidx.text.SystemInit), (8 bytes).
    Removing system_stm32f4xx.o(.text.SystemCoreClockUpdate), (302 bytes).
    Removing system_stm32f4xx.o(.ARM.exidx.text.SystemCoreClockUpdate), (8 bytes).
    Removing system_stm32f4xx.o(.data.SystemCoreClock), (4 bytes).
    Removing system_stm32f4xx.o(.rodata.AHBPrescTable), (16 bytes).
    Removing system_stm32f4xx.o(.rodata.APBPrescTable), (8 bytes).

8 unused section(s) (total 346 bytes) removed from the image.

==============================================================================

Image Symbol Table

    Local Symbols

    Symbol Name                              Value     Ov Type        Size  Object(Section)

    ../clib/heapaux.c                        0x00000000   Number         0  heapauxi.o ABSOLUTE
    Bowling.s                                0x00000000   Number         0  bowling.o ABSOLUTE
    BrickBreaker.s                           0x00000000   Number         0  brickbreaker.o ABSOLUTE
    FiredOrTired.s                           0x00000000   Number         0  firedortired.o ABSOLUTE
    FlappyBird.s                             0x00000000   Number         0  flappybird.o ABSOLUTE
    FruitNinja.s                             0x00000000   Number         0  fruitninja.o ABSOLUTE
    Hockey.s                                 0x00000000   Number         0  hockey.o ABSOLUTE
    Image1.s                                 0x00000000   Number         0  image1.o ABSOLUTE
    Image2.s                                 0x00000000   Number         0  image2.o ABSOLUTE
    RTE/Device/STM32F401RCTx/startup_stm32f401xc.s 0x00000000   Number         0  startup_stm32f401xc.o ABSOLUTE
    Snake.s                                  0x00000000   Number         0  snake.o ABSOLUTE
    Subway.s                                 0x00000000   Number         0  subway.o ABSOLUTE
    UnderTale.s                              0x00000000   Number         0  undertale.o ABSOLUTE
    configuration.s                          0x00000000   Number         0  configuration.o ABSOLUTE
    dc.s                                     0x00000000   Number         0  dc.o ABSOLUTE
    main.s                                   0x00000000   Number         0  main.o ABSOLUTE
    retarget_io.c                            0x00000000   Number         0  retarget_io.o ABSOLUTE
    score.s                                  0x00000000   Number         0  score.o ABSOLUTE
    screens.s                                0x00000000   Number         0  screens.o ABSOLUTE
    system_stm32f4xx.c                       0x00000000   Number         0  system_stm32f4xx.o ABSOLUTE
    RESET                                    0x08000000   Section      404  startup_stm32f401xc.o(RESET)
    $v0                                      0x08000194   Number         0  startup_stm32f401xc.o(.text)
    .text                                    0x08000194   Section       64  startup_stm32f401xc.o(.text)
    .text                                    0x080001d4   Section        0  heapauxi.o(.text)
    [Anonymous Symbol]                       0x080001dc   Section        0  system_stm32f4xx.o(.text.SystemInit)
    $v0                                      0x080001f0   Number         0  configuration.o(MYCODE)
    MYCODE                                   0x080001f0   Section     1128  configuration.o(MYCODE)
    $v0                                      0x08000658   Number         0  score.o(MYCODE)
    MYCODE                                   0x08000658   Section     2314  score.o(MYCODE)
    $v0                                      0x08000f64   Number         0  screens.o(MYCODE)
    MYCODE                                   0x08000f64   Section     3216  screens.o(MYCODE)
    $v0                                      0x08001bf4   Number         0  fruitninja.o(MYCODE)
    MYCODE                                   0x08001bf4   Section     2192  fruitninja.o(MYCODE)
    $v0                                      0x08002484   Number         0  undertale.o(MYCODE)
    MYCODE                                   0x08002484   Section     2296  undertale.o(MYCODE)
    $v0                                      0x08002d7c   Number         0  main.o(RESET)
    RESET                                    0x08002d7c   Section     8134  main.o(RESET)
    $v0                                      0x08004d44   Number         0  firedortired.o(RESET)
    RESET                                    0x08004d44   Section     4868  firedortired.o(RESET)
    $v0                                      0x08006048   Number         0  bowling.o(RESET)
    RESET                                    0x08006048   Section     1864  bowling.o(RESET)
    $v0                                      0x08006790   Number         0  brickbreaker.o(RESET)
    RESET                                    0x08006790   Section     1784  brickbreaker.o(RESET)
    $v0                                      0x08006e88   Number         0  flappybird.o(RESET)
    RESET                                    0x08006e88   Section     1200  flappybird.o(RESET)
    $v0                                      0x08007338   Number         0  hockey.o(RESET)
    RESET                                    0x08007338   Section     1796  hockey.o(RESET)
    $v0                                      0x08007a3c   Number         0  snake.o(RESET)
    RESET                                    0x08007a3c   Section     1200  snake.o(RESET)
    $v0                                      0x08007eec   Number         0  subway.o(RESET)
    RESET                                    0x08007eec   Section     1804  subway.o(RESET)
    MYIMAGE                                  0x080085f8   Section     5108  image1.o(MYIMAGE)
    MYIMAGE                                  0x080099ec   Section     5108  image2.o(MYIMAGE)
    MYDATA                                   0x20000000   Section       80  main.o(MYDATA)
    SELECTED_INDEX                           0x20000048   Data           4  main.o(MYDATA)
    PREVIOUS_INDEX                           0x2000004c   Data           4  main.o(MYDATA)
    SCOREX                                   0x20000050   Data           4  score.o(MYDATA)
    MYDATA                                   0x20000050   Section       20  score.o(MYDATA)
    SCOREY                                   0x20000054   Data           4  score.o(MYDATA)
    SCORE                                    0x20000058   Data           4  score.o(MYDATA)
    COLOR                                    0x2000005c   Data           4  score.o(MYDATA)
    BG                                       0x20000060   Data           4  score.o(MYDATA)
    PLAYER1                                  0x20000064   Data           4  firedortired.o(MYDATA)
    MYDATA                                   0x20000064   Section      272  firedortired.o(MYDATA)
    PLAYER1_STATE                            0x20000068   Data           4  firedortired.o(MYDATA)
    PLAYER2                                  0x2000006c   Data           4  firedortired.o(MYDATA)
    PLAYER2_STATE                            0x20000070   Data           4  firedortired.o(MYDATA)
    PLAYER1_HEALTH                           0x20000074   Data           4  firedortired.o(MYDATA)
    PLAYER1_SCORE                            0x20000078   Data           4  firedortired.o(MYDATA)
    PLAYER2_HEALTH                           0x2000007c   Data           4  firedortired.o(MYDATA)
    PLAYER2_SCORE                            0x20000080   Data           4  firedortired.o(MYDATA)
    BULLETS1                                 0x20000084   Data          80  firedortired.o(MYDATA)
    BULLETS2                                 0x200000d4   Data          80  firedortired.o(MYDATA)
    RODS                                     0x20000124   Data          24  firedortired.o(MYDATA)
    RODS_LENGTH                              0x2000013c   Data          24  firedortired.o(MYDATA)
    STATE_PLAYERS                            0x20000154   Data           4  firedortired.o(MYDATA)
    SCORE                                    0x20000158   Data           4  firedortired.o(MYDATA)
    COLOR                                    0x2000015c   Data           4  firedortired.o(MYDATA)
    SCOREX                                   0x20000160   Data           4  firedortired.o(MYDATA)
    SCOREY                                   0x20000164   Data           4  firedortired.o(MYDATA)
    BG                                       0x20000168   Data           4  firedortired.o(MYDATA)
    HEART                                    0x2000016c   Data           4  firedortired.o(MYDATA)
    COIN                                     0x20000170   Data           4  firedortired.o(MYDATA)
    BALLS                                    0x20000174   Data          44  bowling.o(MYDATA)
    MYDATA                                   0x20000174   Section      148  bowling.o(MYDATA)
    BALL_DIRECTION                           0x200001a0   Data          44  bowling.o(MYDATA)
    SCORE1                                   0x200001cc   Data           4  bowling.o(MYDATA)
    SCORE2                                   0x200001d0   Data           4  bowling.o(MYDATA)
    ENDGAME                                  0x200001d4   Data           4  bowling.o(MYDATA)
    PIN_STATE                                0x200001d8   Data          40  bowling.o(MYDATA)
    THROW_COUNT                              0x20000200   Data           4  bowling.o(MYDATA)
    FRAME_COUNT                              0x20000204   Data           4  bowling.o(MYDATA)
    Bricks                                   0x20000208   Data          44  brickbreaker.o(MYDATA)
    MYDATA                                   0x20000208   Section       72  brickbreaker.o(MYDATA)
    BAR_X                                    0x20000234   Data           4  brickbreaker.o(MYDATA)
    BAR_STATE                                0x20000238   Data           4  brickbreaker.o(MYDATA)
    BALL_X                                   0x2000023c   Data           4  brickbreaker.o(MYDATA)
    BALL_Y                                   0x20000240   Data           4  brickbreaker.o(MYDATA)
    BALL_STATE                               0x20000244   Data           4  brickbreaker.o(MYDATA)
    ENDGAME                                  0x2000024c   Data           4  brickbreaker.o(MYDATA)
    BIRD_S                                   0x20000250   Data           4  flappybird.o(MYDATA)
    MYDATA                                   0x20000250   Section       40  flappybird.o(MYDATA)
    BIRD_Y                                   0x20000254   Data           4  flappybird.o(MYDATA)
    PIPE1_X                                  0x20000258   Data           4  flappybird.o(MYDATA)
    PIPE1_Y                                  0x2000025c   Data           4  flappybird.o(MYDATA)
    PIPE2_X                                  0x20000260   Data           4  flappybird.o(MYDATA)
    PIPE2_Y                                  0x20000264   Data           4  flappybird.o(MYDATA)
    PIPE3_X                                  0x20000268   Data           4  flappybird.o(MYDATA)
    PIPE3_Y                                  0x2000026c   Data           4  flappybird.o(MYDATA)
    SPEED                                    0x20000270   Data           4  flappybird.o(MYDATA)
    rand_seed                                0x20000274   Data           4  flappybird.o(MYDATA)
    chooseturn                               0x20000278   Data           4  fruitninja.o(MYDATA)
    MYDATA                                   0x20000278   Section      157  fruitninja.o(MYDATA)
    rand_seed                                0x2000027c   Data           4  fruitninja.o(MYDATA)
    Objects                                  0x20000284   Data          64  fruitninja.o(MYDATA)
    Objects_Data                             0x200002c4   Data          64  fruitninja.o(MYDATA)
    Object_Speed                             0x20000304   Data           4  fruitninja.o(MYDATA)
    BAR_X                                    0x20000308   Data           4  fruitninja.o(MYDATA)
    BAR_STATE                                0x2000030c   Data           4  fruitninja.o(MYDATA)
    LOST                                     0x20000310   Data           4  fruitninja.o(MYDATA)
    MISSES                                   0x20000314   Data           1  fruitninja.o(MYDATA)
    BAR1                                     0x20000318   Data           4  hockey.o(MYDATA)
    MYDATA                                   0x20000318   Section       32  hockey.o(MYDATA)
    BAR1_STATE                               0x2000031c   Data           4  hockey.o(MYDATA)
    BAR2                                     0x20000320   Data           4  hockey.o(MYDATA)
    BAR2_STATE                               0x20000324   Data           4  hockey.o(MYDATA)
    BALL                                     0x20000328   Data           4  hockey.o(MYDATA)
    BALL_STATE                               0x2000032c   Data           4  hockey.o(MYDATA)
    SCORE1                                   0x20000330   Data           4  hockey.o(MYDATA)
    SCORE2                                   0x20000334   Data           4  hockey.o(MYDATA)
    BLOCKS                                   0x20000338   Data        1532  snake.o(MYDATA)
    MYDATA                                   0x20000338   Section     1564  snake.o(MYDATA)
    SIZE                                     0x20000934   Data           4  snake.o(MYDATA)
    DIRECTION                                0x20000938   Data           4  snake.o(MYDATA)
    FOOD                                     0x2000093c   Data           4  snake.o(MYDATA)
    LOST                                     0x20000940   Data           4  snake.o(MYDATA)
    WON                                      0x20000944   Data           4  snake.o(MYDATA)
    INDEX                                    0x20000948   Data           4  snake.o(MYDATA)
    LOCATION                                 0x2000094c   Data           4  snake.o(MYDATA)
    SEED                                     0x20000950   Data           4  snake.o(MYDATA)
    PLAYER_CH                                0x20000954   Data           4  subway.o(MYDATA)
    MYDATA                                   0x20000954   Section       60  subway.o(MYDATA)
    PLAYER_OLDCH                             0x20000958   Data           4  subway.o(MYDATA)
    TRAINS_CH                                0x2000095c   Data          12  subway.o(MYDATA)
    TRAINS_X                                 0x20000968   Data          12  subway.o(MYDATA)
    COINS_CH                                 0x20000974   Data          12  subway.o(MYDATA)
    COINS_X                                  0x20000980   Data          12  subway.o(MYDATA)
    SPEED                                    0x2000098c   Data           4  subway.o(MYDATA)
    HEALTH                                   0x20000990   Data           4  undertale.o(MYDATA)
    MYDATA                                   0x20000990   Section       84  undertale.o(MYDATA)
    SCORE                                    0x20000998   Data           4  undertale.o(MYDATA)
    SHIELDSTATUS                             0x2000099c   Data           4  undertale.o(MYDATA)
    ATTACK                                   0x200009a0   Data          32  undertale.o(MYDATA)
    ATTACK_STATUS                            0x200009c0   Data          32  undertale.o(MYDATA)
    TIMER                                    0x200009e0   Data           4  undertale.o(MYDATA)
    Heap_Mem                                 0x200009e8   Data         512  startup_stm32f401xc.o(HEAP)
    HEAP                                     0x200009e8   Section      512  startup_stm32f401xc.o(HEAP)
    Stack_Mem                                0x20000be8   Data        1024  startup_stm32f401xc.o(STACK)
    STACK                                    0x20000be8   Section     1024  startup_stm32f401xc.o(STACK)
    __initial_sp                             0x20000fe8   Data           0  startup_stm32f401xc.o(STACK)

    Global Symbols

    Symbol Name                              Value     Ov Type        Size  Object(Section)

    BuildAttributes$$THM_ISAv4$E$P$D$K$B$S$7EM$VFPi3$EXTD16$VFPS$VFMA$PE$A:L22UL41UL21$X:L11$S22US41US21$IEEE1$IW$~IW$USESV6$~STKCKD$USESV7$~SHL$OSPACE$ROPI$EBA8$STANDARDLIB$REQ8$EABIv2 0x00000000   Number         0  anon$$obj.o ABSOLUTE
    __Vectors_Size                           0x00000194   Number         0  startup_stm32f401xc.o ABSOLUTE
    __Vectors                                0x08000000   Data           4  startup_stm32f401xc.o(RESET)
    Reset_Handler                            0x08000195   Thumb Code     8  startup_stm32f401xc.o(.text)
    __Vectors_End                            0x08000194   Data           0  startup_stm32f401xc.o(RESET)
    NMI_Handler                              0x0800019d   Thumb Code     2  startup_stm32f401xc.o(.text)
    HardFault_Handler                        0x0800019f   Thumb Code     2  startup_stm32f401xc.o(.text)
    MemManage_Handler                        0x080001a1   Thumb Code     2  startup_stm32f401xc.o(.text)
    BusFault_Handler                         0x080001a3   Thumb Code     2  startup_stm32f401xc.o(.text)
    UsageFault_Handler                       0x080001a5   Thumb Code     2  startup_stm32f401xc.o(.text)
    SVC_Handler                              0x080001a7   Thumb Code     2  startup_stm32f401xc.o(.text)
    DebugMon_Handler                         0x080001a9   Thumb Code     2  startup_stm32f401xc.o(.text)
    PendSV_Handler                           0x080001ab   Thumb Code     2  startup_stm32f401xc.o(.text)
    SysTick_Handler                          0x080001ad   Thumb Code     2  startup_stm32f401xc.o(.text)
    ADC_IRQHandler                           0x080001af   Thumb Code     0  startup_stm32f401xc.o(.text)
    DMA1_Stream0_IRQHandler                  0x080001af   Thumb Code     0  startup_stm32f401xc.o(.text)
    DMA1_Stream1_IRQHandler                  0x080001af   Thumb Code     0  startup_stm32f401xc.o(.text)
    DMA1_Stream2_IRQHandler                  0x080001af   Thumb Code     0  startup_stm32f401xc.o(.text)
    DMA1_Stream3_IRQHandler                  0x080001af   Thumb Code     0  startup_stm32f401xc.o(.text)
    DMA1_Stream4_IRQHandler                  0x080001af   Thumb Code     0  startup_stm32f401xc.o(.text)
    DMA1_Stream5_IRQHandler                  0x080001af   Thumb Code     0  startup_stm32f401xc.o(.text)
    DMA1_Stream6_IRQHandler                  0x080001af   Thumb Code     0  startup_stm32f401xc.o(.text)
    DMA1_Stream7_IRQHandler                  0x080001af   Thumb Code     0  startup_stm32f401xc.o(.text)
    DMA2_Stream0_IRQHandler                  0x080001af   Thumb Code     0  startup_stm32f401xc.o(.text)
    DMA2_Stream1_IRQHandler                  0x080001af   Thumb Code     0  startup_stm32f401xc.o(.text)
    DMA2_Stream2_IRQHandler                  0x080001af   Thumb Code     0  startup_stm32f401xc.o(.text)
    DMA2_Stream3_IRQHandler                  0x080001af   Thumb Code     0  startup_stm32f401xc.o(.text)
    DMA2_Stream4_IRQHandler                  0x080001af   Thumb Code     0  startup_stm32f401xc.o(.text)
    DMA2_Stream5_IRQHandler                  0x080001af   Thumb Code     0  startup_stm32f401xc.o(.text)
    DMA2_Stream6_IRQHandler                  0x080001af   Thumb Code     0  startup_stm32f401xc.o(.text)
    DMA2_Stream7_IRQHandler                  0x080001af   Thumb Code     0  startup_stm32f401xc.o(.text)
    EXTI0_IRQHandler                         0x080001af   Thumb Code     0  startup_stm32f401xc.o(.text)
    EXTI1_IRQHandler                         0x080001af   Thumb Code     0  startup_stm32f401xc.o(.text)
    EXTI2_IRQHandler                         0x080001af   Thumb Code     0  startup_stm32f401xc.o(.text)
    EXTI3_IRQHandler                         0x080001af   Thumb Code     0  startup_stm32f401xc.o(.text)
    EXTI4_IRQHandler                         0x080001af   Thumb Code     0  startup_stm32f401xc.o(.text)
    EXTI9_5_IRQHandler                       0x080001af   Thumb Code     0  startup_stm32f401xc.o(.text)
    FLASH_IRQHandler                         0x080001af   Thumb Code     0  startup_stm32f401xc.o(.text)
    FPU_IRQHandler                           0x080001af   Thumb Code     0  startup_stm32f401xc.o(.text)
    I2C1_ER_IRQHandler                       0x080001af   Thumb Code     0  startup_stm32f401xc.o(.text)
    I2C1_EV_IRQHandler                       0x080001af   Thumb Code     0  startup_stm32f401xc.o(.text)
    I2C2_ER_IRQHandler                       0x080001af   Thumb Code     0  startup_stm32f401xc.o(.text)
    I2C2_EV_IRQHandler                       0x080001af   Thumb Code     0  startup_stm32f401xc.o(.text)
    I2C3_ER_IRQHandler                       0x080001af   Thumb Code     0  startup_stm32f401xc.o(.text)
    I2C3_EV_IRQHandler                       0x080001af   Thumb Code     0  startup_stm32f401xc.o(.text)
    OTG_FS_IRQHandler                        0x080001af   Thumb Code     0  startup_stm32f401xc.o(.text)
    OTG_FS_WKUP_IRQHandler                   0x080001af   Thumb Code     0  startup_stm32f401xc.o(.text)
    PVD_IRQHandler                           0x080001af   Thumb Code     0  startup_stm32f401xc.o(.text)
    RCC_IRQHandler                           0x080001af   Thumb Code     0  startup_stm32f401xc.o(.text)
    RTC_Alarm_IRQHandler                     0x080001af   Thumb Code     0  startup_stm32f401xc.o(.text)
    RTC_WKUP_IRQHandler                      0x080001af   Thumb Code     0  startup_stm32f401xc.o(.text)
    SDIO_IRQHandler                          0x080001af   Thumb Code     0  startup_stm32f401xc.o(.text)
    SPI1_IRQHandler                          0x080001af   Thumb Code     0  startup_stm32f401xc.o(.text)
    SPI2_IRQHandler                          0x080001af   Thumb Code     0  startup_stm32f401xc.o(.text)
    SPI3_IRQHandler                          0x080001af   Thumb Code     0  startup_stm32f401xc.o(.text)
    SPI4_IRQHandler                          0x080001af   Thumb Code     0  startup_stm32f401xc.o(.text)
    TAMP_STAMP_IRQHandler                    0x080001af   Thumb Code     0  startup_stm32f401xc.o(.text)
    TIM1_BRK_TIM9_IRQHandler                 0x080001af   Thumb Code     0  startup_stm32f401xc.o(.text)
    TIM1_CC_IRQHandler                       0x080001af   Thumb Code     0  startup_stm32f401xc.o(.text)
    TIM1_TRG_COM_TIM11_IRQHandler            0x080001af   Thumb Code     0  startup_stm32f401xc.o(.text)
    TIM1_UP_TIM10_IRQHandler                 0x080001af   Thumb Code     0  startup_stm32f401xc.o(.text)
    TIM2_IRQHandler                          0x080001af   Thumb Code     0  startup_stm32f401xc.o(.text)
    TIM3_IRQHandler                          0x080001af   Thumb Code     0  startup_stm32f401xc.o(.text)
    TIM4_IRQHandler                          0x080001af   Thumb Code     0  startup_stm32f401xc.o(.text)
    TIM5_IRQHandler                          0x080001af   Thumb Code     0  startup_stm32f401xc.o(.text)
    USART1_IRQHandler                        0x080001af   Thumb Code     0  startup_stm32f401xc.o(.text)
    USART2_IRQHandler                        0x080001af   Thumb Code     0  startup_stm32f401xc.o(.text)
    USART6_IRQHandler                        0x080001af   Thumb Code     0  startup_stm32f401xc.o(.text)
    WWDG_IRQHandler                          0x080001af   Thumb Code     0  startup_stm32f401xc.o(.text)
    __user_initial_stackheap                 0x080001b1   Thumb Code     0  startup_stm32f401xc.o(.text)
    __use_two_region_memory                  0x080001d5   Thumb Code     2  heapauxi.o(.text)
    __rt_heap_escrow$2region                 0x080001d7   Thumb Code     2  heapauxi.o(.text)
    __rt_heap_expand$2region                 0x080001d9   Thumb Code     2  heapauxi.o(.text)
    SystemInit                               0x080001dd   Thumb Code    18  system_stm32f4xx.o(.text.SystemInit)
    Get_Random_Seed                          0x080001f1   Thumb Code     0  configuration.o(MYCODE)
    GPIO_INIT                                0x080002a1   Thumb Code     0  configuration.o(MYCODE)
    GPIOX_ONEREAD                            0x08000335   Thumb Code     0  configuration.o(MYCODE)
    GPIOX_READ                               0x08000353   Thumb Code     0  configuration.o(MYCODE)
    GPIOX_SETHIGH                            0x08000371   Thumb Code     0  configuration.o(MYCODE)
    GPIOX_SETLOW                             0x08000391   Thumb Code     0  configuration.o(MYCODE)
    TFT_Init                                 0x080003b5   Thumb Code     0  configuration.o(MYCODE)
    TFT_WriteCommand                         0x08000409   Thumb Code     0  configuration.o(MYCODE)
    TFT_WriteData                            0x08000447   Thumb Code     0  configuration.o(MYCODE)
    TFT_FillScreen                           0x08000485   Thumb Code     0  configuration.o(MYCODE)
    DrawRect                                 0x080004a5   Thumb Code     0  configuration.o(MYCODE)
    Draw_Ball                                0x0800053b   Thumb Code     0  configuration.o(MYCODE)
    TFT_DrawImage                            0x08000573   Thumb Code     0  configuration.o(MYCODE)
    TFT_ImageLoop                            0x0800060b   Thumb Code     0  configuration.o(MYCODE)
    delay                                    0x0800062d   Thumb Code     0  configuration.o(MYCODE)
    DIV                                      0x0800063b   Thumb Code     0  configuration.o(MYCODE)
    COLOR_BLUE                               0x08000659   Thumb Code     0  score.o(MYCODE)
    COLOR_PINK                               0x08000669   Thumb Code     0  score.o(MYCODE)
    COLOR_CYAN                               0x08000679   Thumb Code     0  score.o(MYCODE)
    COLOR_RED                                0x08000689   Thumb Code     0  score.o(MYCODE)
    COLOR_YELLOW                             0x08000699   Thumb Code     0  score.o(MYCODE)
    COLOR_ORANGE                             0x080006a9   Thumb Code     0  score.o(MYCODE)
    COLOR_GREEN                              0x080006b9   Thumb Code     0  score.o(MYCODE)
    COLOR_WHITE                              0x080006c9   Thumb Code     0  score.o(MYCODE)
    COLOR_BLACK                              0x080006d9   Thumb Code     0  score.o(MYCODE)
    SET_SCORE                                0x080006e9   Thumb Code     0  score.o(MYCODE)
    SCORE_INIT                               0x080006f1   Thumb Code     0  score.o(MYCODE)
    CLEAR_COLOR                              0x08000713   Thumb Code     0  score.o(MYCODE)
    IncrementScore                           0x0800073f   Thumb Code     0  score.o(MYCODE)
    DrawScoreDIGIT                           0x08000751   Thumb Code     0  score.o(MYCODE)
    DRAWSCORE                                0x08000be1   Thumb Code     0  score.o(MYCODE)
    WIN                                      0x08000f65   Thumb Code     0  screens.o(MYCODE)
    LOSE                                     0x080011ad   Thumb Code     0  screens.o(MYCODE)
    ONEWIN                                   0x08001545   Thumb Code     0  screens.o(MYCODE)
    TWOWIN                                   0x08001805   Thumb Code     0  screens.o(MYCODE)
    DRAW_DRAW                                0x08001a35   Thumb Code     0  screens.o(MYCODE)
    FRUITNINJA                               0x08001c03   Thumb Code     0  fruitninja.o(MYCODE)
    UNDERTALE                                0x08002539   Thumb Code     0  undertale.o(MYCODE)
    __main                                   0x08002d7d   Thumb Code  8134  main.o(RESET)
    FIREDORTIRED                             0x08004d45   Thumb Code     0  firedortired.o(RESET)
    BOWLING                                  0x08006369   Thumb Code     0  bowling.o(RESET)
    BRICKBREAKER                             0x0800681f   Thumb Code     0  brickbreaker.o(RESET)
    FLAPPYBIRD                               0x08006e97   Thumb Code     0  flappybird.o(RESET)
    HOCKEY                                   0x080074dd   Thumb Code     0  hockey.o(RESET)
    SNAKE                                    0x08007acf   Thumb Code     0  snake.o(RESET)
    EXTI15_10_IRQHandler                     0x08007b5f   Thumb Code     0  snake.o(RESET)
    SUBWAY                                   0x08007eed   Thumb Code     0  subway.o(RESET)
    IMAGE1                                   0x080085f8   Data           0  image1.o(MYIMAGE)
    IMAGE2                                   0x080099ec   Data           0  image2.o(MYIMAGE)



==============================================================================

Memory Map of the image

  Image Entry point : 0x08000195

  Load Region LR_1 (Base: 0x08000000, Size: 0x0000b7c4, Max: 0xffffffff, ABSOLUTE)

    Execution Region ER_RO (Exec base: 0x08000000, Load base: 0x08000000, Size: 0x0000ade0, Max: 0xffffffff, ABSOLUTE)

    Exec Addr    Load Addr    Size         Type   Attr      Idx    E Section Name        Object

    0x08000000   0x08000000   0x00000194   Data   RO           59    RESET               startup_stm32f401xc.o
    0x08000194   0x08000194   0x00000040   Code   RO           60  * .text               startup_stm32f401xc.o
    0x080001d4   0x080001d4   0x00000006   Code   RO           80    .text               c_w.l(heapauxi.o)
    0x080001da   0x080001da   0x00000002   PAD
    0x080001dc   0x080001dc   0x00000012   Code   RO           65    .text.SystemInit    system_stm32f4xx.o
    0x080001ee   0x080001ee   0x00000002   PAD
    0x080001f0   0x080001f0   0x00000468   Code   RO            8    MYCODE              configuration.o
    0x08000658   0x08000658   0x0000090a   Code   RO           12    MYCODE              score.o
    0x08000f62   0x08000f62   0x00000002   PAD
    0x08000f64   0x08000f64   0x00000c90   Code   RO           15    MYCODE              screens.o
    0x08001bf4   0x08001bf4   0x00000890   Code   RO           35    MYCODE              fruitninja.o
    0x08002484   0x08002484   0x000008f8   Code   RO           51    MYCODE              undertale.o
    0x08002d7c   0x08002d7c   0x00001fc6   Code   RO            2    RESET               main.o
    0x08004d42   0x08004d42   0x00000002   PAD
    0x08004d44   0x08004d44   0x00001304   Code   RO           19    RESET               firedortired.o
    0x08006048   0x08006048   0x00000748   Code   RO           23    RESET               bowling.o
    0x08006790   0x08006790   0x000006f8   Code   RO           27    RESET               brickbreaker.o
    0x08006e88   0x08006e88   0x000004b0   Code   RO           31    RESET               flappybird.o
    0x08007338   0x08007338   0x00000704   Code   RO           39    RESET               hockey.o
    0x08007a3c   0x08007a3c   0x000004b0   Code   RO           43    RESET               snake.o
    0x08007eec   0x08007eec   0x0000070c   Code   RO           47    RESET               subway.o
    0x080085f8   0x080085f8   0x000013f4   Data   RO           54    MYIMAGE             image1.o
    0x080099ec   0x080099ec   0x000013f4   Data   RO           55    MYIMAGE             image2.o


    Execution Region ER_RW (Exec base: 0x20000000, Load base: 0x0800ade0, Size: 0x000009e4, Max: 0xffffffff, ABSOLUTE)

    Exec Addr    Load Addr    Size         Type   Attr      Idx    E Section Name        Object

    0x20000000   0x0800ade0   0x00000050   Data   RW            1    MYDATA              main.o
    0x20000050   0x0800ae30   0x00000014   Data   RW           11    MYDATA              score.o
    0x20000064   0x0800ae44   0x00000110   Data   RW           18    MYDATA              firedortired.o
    0x20000174   0x0800af54   0x00000094   Data   RW           22    MYDATA              bowling.o
    0x20000208   0x0800afe8   0x00000048   Data   RW           26    MYDATA              brickbreaker.o
    0x20000250   0x0800b030   0x00000028   Data   RW           30    MYDATA              flappybird.o
    0x20000278   0x0800b058   0x0000009d   Data   RW           34    MYDATA              fruitninja.o
    0x20000315   0x0800b0f5   0x00000003   PAD
    0x20000318   0x0800b0f8   0x00000020   Data   RW           38    MYDATA              hockey.o
    0x20000338   0x0800b118   0x0000061c   Data   RW           42    MYDATA              snake.o
    0x20000954   0x0800b734   0x0000003c   Data   RW           46    MYDATA              subway.o
    0x20000990   0x0800b770   0x00000054   Data   RW           50    MYDATA              undertale.o


    Execution Region ER_ZI (Exec base: 0x200009e8, Load base: 0x0800b7c4, Size: 0x00000600, Max: 0xffffffff, ABSOLUTE)

    Exec Addr    Load Addr    Size         Type   Attr      Idx    E Section Name        Object

    0x200009e8        -       0x00000200   Zero   RW           58    HEAP                startup_stm32f401xc.o
    0x20000be8        -       0x00000400   Zero   RW           57    STACK               startup_stm32f401xc.o


==============================================================================

Image component sizes


      Code (inc. data)   RO Data    RW Data    ZI Data      Debug   Object Name

      1864         92          0        148          0        808   bowling.o
      1784        148          0         72          0        836   brickbreaker.o
      1128         72          0          0          0        600   configuration.o
      4868        304          0        272          0       1820   firedortired.o
      1200        102          0         40          0        588   flappybird.o
      2192         76          0        157          0        864   fruitninja.o
      1796         98          0         32          0        792   hockey.o
         0          0       5108          0          0          0   image1.o
         0          0       5108          0          0          0   image2.o
      8134         34          0         80          0       2516   main.o
      2314         28          0         20          0        872   score.o
      3216          0          0          0          0       1024   screens.o
      1200         94          0       1564          0        612   snake.o
        64         26        404          0       1536        872   startup_stm32f401xc.o
      1804         64          0         60          0        760   subway.o
        18          0          0          0          0       2841   system_stm32f4xx.o
      2296         54          0         84          0        908   undertale.o

    ----------------------------------------------------------------------
     33884       1192      10620       2532       1536      16713   Object Totals
         0          0          0          0          0          0   (incl. Generated)
         6          0          0          3          0          0   (incl. Padding)

    ----------------------------------------------------------------------

      Code (inc. data)   RO Data    RW Data    ZI Data      Debug   Library Member Name

         6          0          0          0          0        152   heapauxi.o

    ----------------------------------------------------------------------
         8          0          0          0          0        152   Library Totals
         2          0          0          0          0          0   (incl. Padding)

    ----------------------------------------------------------------------

      Code (inc. data)   RO Data    RW Data    ZI Data      Debug   Library Name

         6          0          0          0          0        152   c_w.l

    ----------------------------------------------------------------------
         8          0          0          0          0        152   Library Totals

    ----------------------------------------------------------------------

==============================================================================


      Code (inc. data)   RO Data    RW Data    ZI Data      Debug   

     33892       1192      10620       2532       1536      16765   Grand Totals
     33892       1192      10620       2532       1536      16765   ELF Image Totals
     33892       1192      10620       2532          0          0   ROM Totals

==============================================================================

    Total RO  Size (Code + RO Data)                44512 (  43.47kB)
    Total RW  Size (RW Data + ZI Data)              4068 (   3.97kB)
    Total ROM Size (Code + RO Data + RW Data)      47044 (  45.94kB)

==============================================================================

